/home/zhangjiayi/桌面/robot_arm_3d/My_lib/commuction.c:20:19:ServoBus_SendCmd	24	static
/home/zhangjiayi/桌面/robot_arm_3d/My_lib/commuction.c:41:6:HAL_UART_TxCpltCallback	16	static
/home/zhangjiayi/桌面/robot_arm_3d/My_lib/commuction.c:54:6:HAL_UART_ErrorCallback	16	static
/home/zhangjiayi/桌面/robot_arm_3d/My_lib/commuction.c:75:6:ServoBus_Start_Receive	16	static
/home/zhangjiayi/桌面/robot_arm_3d/My_lib/commuction.c:88:6:ServoBus_ParseReply	8	static
/home/zhangjiayi/桌面/robot_arm_3d/My_lib/commuction.c:118:19:ServoBus_Move_One	64	static
/home/zhangjiayi/桌面/robot_arm_3d/My_lib/commuction.c:135:19:ServoBus_Move_Many	320	static
/home/zhangjiayi/桌面/robot_arm_3d/My_lib/commuction.c:162:19:ServoBus_ReadAngle	32	static
/home/zhangjiayi/桌面/robot_arm_3d/My_lib/commuction.c:170:19:ServoBus_SetID	32	static
/home/zhangjiayi/桌面/robot_arm_3d/My_lib/commuction.c:178:19:ServoBus_Unlock	32	static
/home/zhangjiayi/桌面/robot_arm_3d/My_lib/commuction.c:186:19:ServoBus_Lock	32	static
