Component: ARM Compiler 5.06 update 7 (build 960) Tool: armlink [4d3601]

==============================================================================

Section Cross References

    startup_stm32f407xx.o(STACK) refers (Special) to heapauxi.o(.text) for __use_two_region_memory
    startup_stm32f407xx.o(HEAP) refers (Special) to heapauxi.o(.text) for __use_two_region_memory
    startup_stm32f407xx.o(RESET) refers (Special) to heapauxi.o(.text) for __use_two_region_memory
    startup_stm32f407xx.o(RESET) refers to startup_stm32f407xx.o(STACK) for __initial_sp
    startup_stm32f407xx.o(RESET) refers to startup_stm32f407xx.o(.text) for Reset_Handler
    startup_stm32f407xx.o(RESET) refers to stm32f4xx_it.o(i.NMI_Handler) for NMI_Handler
    startup_stm32f407xx.o(RESET) refers to stm32f4xx_it.o(i.HardFault_Handler) for HardFault_Handler
    startup_stm32f407xx.o(RESET) refers to stm32f4xx_it.o(i.MemManage_Handler) for MemManage_Handler
    startup_stm32f407xx.o(RESET) refers to stm32f4xx_it.o(i.BusFault_Handler) for BusFault_Handler
    startup_stm32f407xx.o(RESET) refers to stm32f4xx_it.o(i.UsageFault_Handler) for UsageFault_Handler
    startup_stm32f407xx.o(RESET) refers to port.o(.emb_text) for SVC_Handler
    startup_stm32f407xx.o(RESET) refers to stm32f4xx_it.o(i.DebugMon_Handler) for DebugMon_Handler
    startup_stm32f407xx.o(RESET) refers to port.o(i.SysTick_Handler) for SysTick_Handler
    startup_stm32f407xx.o(RESET) refers to stm32f4xx_it.o(i.DMA1_Stream5_IRQHandler) for DMA1_Stream5_IRQHandler
    startup_stm32f407xx.o(RESET) refers to stm32f4xx_it.o(i.DMA1_Stream6_IRQHandler) for DMA1_Stream6_IRQHandler
    startup_stm32f407xx.o(RESET) refers to stm32f4xx_it.o(i.TIM1_UP_TIM10_IRQHandler) for TIM1_UP_TIM10_IRQHandler
    startup_stm32f407xx.o(RESET) refers to stm32f4xx_it.o(i.USART2_IRQHandler) for USART2_IRQHandler
    startup_stm32f407xx.o(.text) refers (Special) to heapauxi.o(.text) for __use_two_region_memory
    startup_stm32f407xx.o(.text) refers to system_stm32f4xx.o(i.SystemInit) for SystemInit
    startup_stm32f407xx.o(.text) refers to __main.o(!!!main) for __main
    startup_stm32f407xx.o(.text) refers to startup_stm32f407xx.o(HEAP) for Heap_Mem
    startup_stm32f407xx.o(.text) refers to startup_stm32f407xx.o(STACK) for Stack_Mem
    main.o(i.HAL_TIM_PeriodElapsedCallback) refers to stm32f4xx_hal.o(i.HAL_IncTick) for HAL_IncTick
    main.o(i.SystemClock_Config) refers to rt_memclr_w.o(.text) for __aeabi_memclr4
    main.o(i.SystemClock_Config) refers to stm32f4xx_hal_rcc.o(i.HAL_RCC_OscConfig) for HAL_RCC_OscConfig
    main.o(i.SystemClock_Config) refers to stm32f4xx_hal_rcc.o(i.HAL_RCC_ClockConfig) for HAL_RCC_ClockConfig
    main.o(i.main) refers to stm32f4xx_hal.o(i.HAL_Init) for HAL_Init
    main.o(i.main) refers to main.o(i.SystemClock_Config) for SystemClock_Config
    main.o(i.main) refers to gpio.o(i.MX_GPIO_Init) for MX_GPIO_Init
    main.o(i.main) refers to dma.o(i.MX_DMA_Init) for MX_DMA_Init
    main.o(i.main) refers to usart.o(i.MX_USART2_UART_Init) for MX_USART2_UART_Init
    main.o(i.main) refers to freertos.o(i.MX_FREERTOS_Init) for MX_FREERTOS_Init
    main.o(i.main) refers to cmsis_os.o(i.osKernelStart) for osKernelStart
    freertos.o(i.MX_FREERTOS_Init) refers to rt_memcpy_w.o(.text) for __aeabi_memcpy4
    freertos.o(i.MX_FREERTOS_Init) refers to cmsis_os.o(i.osThreadCreate) for osThreadCreate
    freertos.o(i.MX_FREERTOS_Init) refers to freertos.o(.constdata) for .constdata
    freertos.o(i.MX_FREERTOS_Init) refers to freertos.o(.data) for .data
    freertos.o(i.StartDefaultTask) refers to task_init.o(i.task_init) for task_init
    freertos.o(i.StartDefaultTask) refers to cmsis_os.o(i.osDelay) for osDelay
    freertos.o(i.vApplicationGetIdleTaskMemory) refers to freertos.o(.bss) for .bss
    freertos.o(.constdata) refers to freertos.o(.conststring) for .conststring
    freertos.o(.constdata) refers to freertos.o(i.StartDefaultTask) for StartDefaultTask
    dma.o(i.MX_DMA_Init) refers to stm32f4xx_hal_cortex.o(i.HAL_NVIC_SetPriority) for HAL_NVIC_SetPriority
    dma.o(i.MX_DMA_Init) refers to stm32f4xx_hal_cortex.o(i.HAL_NVIC_EnableIRQ) for HAL_NVIC_EnableIRQ
    usart.o(i.HAL_UART_MspDeInit) refers to stm32f4xx_hal_gpio.o(i.HAL_GPIO_DeInit) for HAL_GPIO_DeInit
    usart.o(i.HAL_UART_MspDeInit) refers to stm32f4xx_hal_dma.o(i.HAL_DMA_DeInit) for HAL_DMA_DeInit
    usart.o(i.HAL_UART_MspDeInit) refers to stm32f4xx_hal_cortex.o(i.HAL_NVIC_DisableIRQ) for HAL_NVIC_DisableIRQ
    usart.o(i.HAL_UART_MspInit) refers to rt_memclr_w.o(.text) for __aeabi_memclr4
    usart.o(i.HAL_UART_MspInit) refers to stm32f4xx_hal_gpio.o(i.HAL_GPIO_Init) for HAL_GPIO_Init
    usart.o(i.HAL_UART_MspInit) refers to stm32f4xx_hal_dma.o(i.HAL_DMA_Init) for HAL_DMA_Init
    usart.o(i.HAL_UART_MspInit) refers to main.o(i.Error_Handler) for Error_Handler
[...]
    i.UART_SetConfig                         0x080022a4   Section        0  stm32f4xx_hal_uart.o(i.UART_SetConfig)
    UART_SetConfig                           0x080022a5   Thumb Code   258  stm32f4xx_hal_uart.o(i.UART_SetConfig)
    i.UART_WaitOnFlagUntilTimeout            0x080023b0   Section        0  stm32f4xx_hal_uart.o(i.UART_WaitOnFlagUntilTimeout)
    UART_WaitOnFlagUntilTimeout              0x080023b1   Thumb Code   114  stm32f4xx_hal_uart.o(i.UART_WaitOnFlagUntilTimeout)
    i.USART2_IRQHandler                      0x08002424   Section        0  stm32f4xx_it.o(i.USART2_IRQHandler)
    i.UsageFault_Handler                     0x08002430   Section        0  stm32f4xx_it.o(i.UsageFault_Handler)
    i.__ARM_fpclassifyf                      0x08002432   Section        0  fpclassifyf.o(i.__ARM_fpclassifyf)
    i.__NVIC_SetPriority                     0x08002458   Section        0  stm32f4xx_hal_cortex.o(i.__NVIC_SetPriority)
    __NVIC_SetPriority                       0x08002459   Thumb Code    32  stm32f4xx_hal_cortex.o(i.__NVIC_SetPriority)
    i.__hardfp_acosf                         0x08002478   Section        0  acosf.o(i.__hardfp_acosf)
    i.__hardfp_atan2f                        0x08002590   Section        0  atan2f.o(i.__hardfp_atan2f)
    i.__hardfp_cosf                          0x0800283c   Section        0  cosf.o(i.__hardfp_cosf)
    i.__hardfp_sinf                          0x0800298c   Section        0  sinf.o(i.__hardfp_sinf)
    i.__hardfp_sqrtf                         0x08002b1c   Section        0  sqrtf.o(i.__hardfp_sqrtf)
    i.__mathlib_flt_infnan                   0x08002b56   Section        0  funder.o(i.__mathlib_flt_infnan)
    i.__mathlib_flt_infnan2                  0x08002b5c   Section        0  funder.o(i.__mathlib_flt_infnan2)
    i.__mathlib_flt_invalid                  0x08002b64   Section        0  funder.o(i.__mathlib_flt_invalid)
    i.__mathlib_flt_underflow                0x08002b74   Section        0  funder.o(i.__mathlib_flt_underflow)
    i.__mathlib_rredf2                       0x08002b84   Section        0  rredf.o(i.__mathlib_rredf2)
    i._is_digit                              0x08002cd8   Section        0  __printf_wp.o(i._is_digit)
    i.angle_to_pwm                           0x08002ce8   Section        0  drive.o(i.angle_to_pwm)
    i.arm_control_task                       0x08002d20   Section        0  start_task.o(i.arm_control_task)
    i.clamp                                  0x08002d28   Section        0  drive.o(i.clamp)
    i.comm_task                              0x08002d48   Section        0  start_task.o(i.comm_task)
    i.line_interp                            0x08002d50   Section        0  start_task.o(i.line_interp)
    line_interp                              0x08002d51   Thumb Code   128  start_task.o(i.line_interp)
    i.main                                   0x08002dd0   Section        0  main.o(i.main)
    i.main_task                              0x08002df0   Section        0  start_task.o(i.main_task)
    i.makeFreeRtosPriority                   0x08002ec4   Section        0  cmsis_os.o(i.makeFreeRtosPriority)
    makeFreeRtosPriority                     0x08002ec5   Thumb Code    12  cmsis_os.o(i.makeFreeRtosPriority)
    i.move_to                                0x08002ed0   Section        0  start_task.o(i.move_to)
    move_to                                  0x08002ed1   Thumb Code    96  start_task.o(i.move_to)
    i.osDelay                                0x08002f3c   Section        0  cmsis_os.o(i.osDelay)
    i.osKernelStart                          0x08002f4a   Section        0  cmsis_os.o(i.osKernelStart)
    i.osThreadCreate                         0x08002f54   Section        0  cmsis_os.o(i.osThreadCreate)
    i.prvAddCurrentTaskToDelayedList         0x08002fa8   Section        0  tasks.o(i.prvAddCurrentTaskToDelayedList)
    prvAddCurrentTaskToDelayedList           0x08002fa9   Thumb Code   102  tasks.o(i.prvAddCurrentTaskToDelayedList)
    i.prvAddNewTaskToReadyList               0x08003018   Section        0  tasks.o(i.prvAddNewTaskToReadyList)
    prvAddNewTaskToReadyList                 0x08003019   Thumb Code   194  tasks.o(i.prvAddNewTaskToReadyList)
    i.prvDeleteTCB                           0x080030e8   Section        0  tasks.o(i.prvDeleteTCB)
    prvDeleteTCB                             0x080030e9   Thumb Code    52  tasks.o(i.prvDeleteTCB)
    i.prvHeapInit                            0x0800311c   Section        0  heap_4.o(i.prvHeapInit)
    prvHeapInit                              0x0800311d   Thumb Code    66  heap_4.o(i.prvHeapInit)
    i.prvIdleTask                            0x08003168   Section        0  tasks.o(i.prvIdleTask)
    prvIdleTask                              0x08003169   Thumb Code    82  tasks.o(i.prvIdleTask)
    i.prvInitialiseNewTask                   0x080031c8   Section        0  tasks.o(i.prvInitialiseNewTask)
    prvInitialiseNewTask                     0x080031c9   Thumb Code   152  tasks.o(i.prvInitialiseNewTask)
    i.prvInsertBlockIntoFreeList             0x08003260   Section        0  heap_4.o(i.prvInsertBlockIntoFreeList)
    prvInsertBlockIntoFreeList               0x08003261   Thumb Code    72  heap_4.o(i.prvInsertBlockIntoFreeList)
    i.prvResetNextTaskUnblockTime            0x080032ac   Section        0  tasks.o(i.prvResetNextTaskUnblockTime)
    prvResetNextTaskUnblockTime              0x080032ad   Thumb Code    26  tasks.o(i.prvResetNextTaskUnblockTime)
    i.prvTaskExitError                       0x080032cc   Section        0  port.o(i.prvTaskExitError)
    prvTaskExitError                         0x080032cd   Thumb Code    36  port.o(i.prvTaskExitError)
    i.pvPortMalloc                           0x080032f4   Section        0  heap_4.o(i.pvPortMalloc)
    i.pxPortInitialiseStack                  0x080033d0   Section        0  port.o(i.pxPortInitialiseStack)
    i.sensor_task                            0x080033fc   Section        0  start_task.o(i.sensor_task)
    i.set_angles                             0x08003404   Section        0  start_task.o(i.set_angles)
    set_angles                               0x08003405   Thumb Code   106  start_task.o(i.set_angles)
    i.sqrtf                                  0x08003474   Section        0  sqrtf.o(i.sqrtf)
    i.start_task                             0x080034b4   Section        0  start_task.o(i.start_task)
    i.task_init                              0x08003598   Section        0  task_init.o(i.task_init)
    i.uxListRemove                           0x08003654   Section        0  list.o(i.uxListRemove)
    i.vApplicationGetIdleTaskMemory          0x0800367c   Section        0  freertos.o(i.vApplicationGetIdleTaskMemory)
    i.vListInitialise                        0x08003690   Section        0  list.o(i.vListInitialise)
    i.vListInitialiseItem                    0x080036a6   Section        0  list.o(i.vListInitialiseItem)
    i.vListInsert                            0x080036ac   Section        0  list.o(i.vListInsert)
    i.vListInsertEnd                         0x080036dc   Section        0  list.o(i.vListInsertEnd)
    i.vPortEnterCritical                     0x080036f4   Section        0  port.o(i.vPortEnterCritical)
    i.vPortExitCritical                      0x08003734   Section        0  port.o(i.vPortExitCritical)
    i.vPortFree                              0x0800375c   Section        0  heap_4.o(i.vPortFree)
    i.vPortSetupTimerInterrupt               0x080037c0   Section        0  port.o(i.vPortSetupTimerInterrupt)
    i.vTaskDelay                             0x080037e4   Section        0  tasks.o(i.vTaskDelay)
    i.vTaskDelete                            0x08003830   Section        0  tasks.o(i.vTaskDelete)
    i.vTaskStartScheduler                    0x080038dc   Section        0  tasks.o(i.vTaskStartScheduler)
    i.vTaskSuspendAll                        0x08003948   Section        0  tasks.o(i.vTaskSuspendAll)
    i.vTaskSwitchContext                     0x08003958   Section        0  tasks.o(i.vTaskSwitchContext)
    i.xPortStartScheduler                    0x080039b4   Section        0  port.o(i.xPortStartScheduler)
    i.xTaskCreate                            0x08003aa8   Section        0  tasks.o(i.xTaskCreate)
    i.xTaskCreateStatic                      0x08003b02   Section        0  tasks.o(i.xTaskCreateStatic)
    i.xTaskIncrementTick                     0x08003b58   Section        0  tasks.o(i.xTaskIncrementTick)
    i.xTaskResumeAll                         0x08003c24   Section        0  tasks.o(i.xTaskResumeAll)
    x$fpl$d2f                                0x08003ce8   Section       98  d2f.o(x$fpl$d2f)
    $v0                                      0x08003ce8   Number         0  d2f.o(x$fpl$d2f)
    x$fpl$dadd                               0x08003d4c   Section      336  daddsub_clz.o(x$fpl$dadd)
    $v0                                      0x08003d4c   Number         0  daddsub_clz.o(x$fpl$dadd)
    _dadd1                                   0x08003d5d   Thumb Code     0  daddsub_clz.o(x$fpl$dadd)
    x$fpl$dfixu                              0x08003e9c   Section       90  dfixu.o(x$fpl$dfixu)
    $v0                                      0x08003e9c   Number         0  dfixu.o(x$fpl$dfixu)
    x$fpl$dfltu                              0x08003ef6   Section       38  dflt_clz.o(x$fpl$dfltu)
    $v0                                      0x08003ef6   Number         0  dflt_clz.o(x$fpl$dfltu)
    x$fpl$dmul                               0x08003f1c   Section      340  dmul.o(x$fpl$dmul)
    $v0                                      0x08003f1c   Number         0  dmul.o(x$fpl$dmul)
    x$fpl$dnaninf                            0x08004070   Section      156  dnaninf.o(x$fpl$dnaninf)
    $v0                                      0x08004070   Number         0  dnaninf.o(x$fpl$dnaninf)
    x$fpl$dretinf                            0x0800410c   Section       12  dretinf.o(x$fpl$dretinf)
    $v0                                      0x0800410c   Number         0  dretinf.o(x$fpl$dretinf)
    x$fpl$dsub                               0x08004118   Section      468  daddsub_clz.o(x$fpl$dsub)
    $v0                                      0x08004118   Number         0  daddsub_clz.o(x$fpl$dsub)
    _dsub1                                   0x08004129   Thumb Code     0  daddsub_clz.o(x$fpl$dsub)
    x$fpl$f2d                                0x080042ec   Section       86  f2d.o(x$fpl$f2d)
    $v0                                      0x080042ec   Number         0  f2d.o(x$fpl$f2d)
    x$fpl$fnaninf                            0x08004342   Section      140  fnaninf.o(x$fpl$fnaninf)
    $v0                                      0x08004342   Number         0  fnaninf.o(x$fpl$fnaninf)
    x$fpl$fpinit                             0x080043ce   Section       10  fpinit.o(x$fpl$fpinit)
    $v0                                      0x080043ce   Number         0  fpinit.o(x$fpl$fpinit)
    x$fpl$fretinf                            0x080043d8   Section       10  fretinf.o(x$fpl$fretinf)
    $v0                                      0x080043d8   Number         0  fretinf.o(x$fpl$fretinf)
    x$fpl$usenofp                            0x080043e2   Section        0  usenofp.o(x$fpl$usenofp)
    .constdata                               0x080043e4   Section       28  freertos.o(.constdata)
    .constdata                               0x08004400   Section        8  stm32f4xx_hal_dma.o(.constdata)
    flagBitshiftOffset                       0x08004400   Data           8  stm32f4xx_hal_dma.o(.constdata)
    .constdata                               0x08004408   Section       16  system_stm32f4xx.o(.constdata)
    .constdata                               0x08004418   Section        8  system_stm32f4xx.o(.constdata)
    .constdata                               0x08004420   Section      128  commuction_1.o(.constdata)
    .constdata                               0x080044a0   Section       17  __printf_flags_wp.o(.constdata)
    maptable                                 0x080044a0   Data          17  __printf_flags_wp.o(.constdata)
    .constdata                               0x080044b4   Section       32  rredf.o(.constdata)
    twooverpi                                0x080044b4   Data          32  rredf.o(.constdata)
    .conststring                             0x080044d4   Section       12  freertos.o(.conststring)
    .data                                    0x20000000   Section        4  freertos.o(.data)
    .data                                    0x20000004   Section       12  stm32f4xx_hal.o(.data)
    .data                                    0x20000010   Section        4  system_stm32f4xx.o(.data)
    .data                                    0x20000014   Section       60  tasks.o(.data)
    uxDeletedTasksWaitingCleanUp             0x20000018   Data           4  tasks.o(.data)
    uxCurrentNumberOfTasks                   0x2000001c   Data           4  tasks.o(.data)
    xTickCount                               0x20000020   Data           4  tasks.o(.data)
    uxTopReadyPriority                       0x20000024   Data           4  tasks.o(.data)
    xSchedulerRunning                        0x20000028   Data           4  tasks.o(.data)
    xPendedTicks                             0x2000002c   Data           4  tasks.o(.data)
    xYieldPending                            0x20000030   Data           4  tasks.o(.data)
    xNumOfOverflows                          0x20000034   Data           4  tasks.o(.data)
    uxTaskNumber                             0x20000038   Data           4  tasks.o(.data)
    xNextTaskUnblockTime                     0x2000003c   Data           4  tasks.o(.data)
    xIdleTaskHandle                          0x20000040   Data           4  tasks.o(.data)
    uxSchedulerSuspended                     0x20000044   Data           4  tasks.o(.data)
    pxDelayedTaskList                        0x20000048   Data           4  tasks.o(.data)
    pxOverflowDelayedTaskList                0x2000004c   Data           4  tasks.o(.data)
    .data                                    0x20000050   Section       32  heap_4.o(.data)
    pxEnd                                    0x20000050   Data           4  heap_4.o(.data)
    xFreeBytesRemaining                      0x20000054   Data           4  heap_4.o(.data)
    xMinimumEverFreeBytesRemaining           0x20000058   Data           4  heap_4.o(.data)
    xNumberOfSuccessfulAllocations           0x2000005c   Data           4  heap_4.o(.data)
    xNumberOfSuccessfulFrees                 0x20000060   Data           4  heap_4.o(.data)
    xBlockAllocatedBit                       0x20000064   Data           4  heap_4.o(.data)
    xStart                                   0x20000068   Data           8  heap_4.o(.data)
    .data                                    0x20000070   Section       12  port.o(.data)
    ucMaxSysCallPriority                     0x20000070   Data           1  port.o(.data)
    uxCriticalNesting                        0x20000074   Data           4  port.o(.data)
    ulMaxPRIGROUPValue                       0x20000078   Data           4  port.o(.data)
    .data                                    0x2000007c   Section       12  drive.o(.data)
    .data                                    0x20000088   Section       20  task_init.o(.data)
    .bss                                     0x2000009c   Section      596  freertos.o(.bss)
    xIdleTaskTCBBuffer                       0x2000009c   Data          84  freertos.o(.bss)
    xIdleStack                               0x200000f0   Data         512  freertos.o(.bss)
    .bss                                     0x200002f0   Section      264  usart.o(.bss)
    .bss                                     0x200003f8   Section       72  stm32f4xx_hal_timebase_tim.o(.bss)
    .bss                                     0x20000440   Section      240  tasks.o(.bss)
    pxReadyTasksLists                        0x20000440   Data         140  tasks.o(.bss)
    xDelayedTaskList1                        0x200004cc   Data          20  tasks.o(.bss)
    xDelayedTaskList2                        0x200004e0   Data          20  tasks.o(.bss)
    xPendingReadyList                        0x200004f4   Data          20  tasks.o(.bss)
    xTasksWaitingTermination                 0x20000508   Data          20  tasks.o(.bss)
    xSuspendedTaskList                       0x2000051c   Data          20  tasks.o(.bss)
    .bss                                     0x20000530   Section    15360  heap_4.o(.bss)
    ucHeap                                   0x20000530   Data       15360  heap_4.o(.bss)
    .bss                                     0x20004130   Section       12  drive.o(.bss)
    .bss                                     0x20004140   Section      192  start_task.o(.bss)
    arm                                      0x20004140   Data         192  start_task.o(.bss)
    .bss                                     0x20004200   Section       96  libspace.o(.bss)
    HEAP                                     0x20004260   Section      512  startup_stm32f407xx.o(HEAP)
    Heap_Mem                                 0x20004260   Data         512  startup_stm32f407xx.o(HEAP)
    STACK                                    0x20004460   Section     1024  startup_stm32f407xx.o(STACK)
    Stack_Mem                                0x20004460   Data        1024  startup_stm32f407xx.o(STACK)
    __initial_sp                             0x20004860   Data           0  startup_stm32f407xx.o(STACK)

    Global Symbols

    Symbol Name                              Value     Ov Type        Size  Object(Section)

    BuildAttributes$$THM_ISAv4$E$P$D$K$B$S$7EM$VFPi3$EXTD16$VFPS$VFMA$PE$A:L22UL41UL21$X:L11$S22US41US21$IEEE1$IW$USESV6$~STKCKD$USESV7$~SHL$OTIME$ROPI$IEEEX$EBA8$UX$STANDARDLIB$REQ8$PRES8$EABIv2 0x00000000   Number         0  anon$$obj.o ABSOLUTE
    __ARM_use_no_argv                        0x00000000   Number         0  main.o ABSOLUTE
    _printf_flags                            0x00000000   Number         0  printf_stubs.o ABSOLUTE
    _printf_return_value                     0x00000000   Number         0  printf_stubs.o ABSOLUTE
    _printf_sizespec                         0x00000000   Number         0  printf_stubs.o ABSOLUTE
    _printf_widthprec                        0x00000000   Number         0  printf_stubs.o ABSOLUTE
    __ARM_exceptions_init                     - Undefined Weak Reference
    __alloca_initialize                       - Undefined Weak Reference
    __arm_fini_                               - Undefined Weak Reference
    __arm_preinit_                            - Undefined Weak Reference
    __cpp_initialize__aeabi_                  - Undefined Weak Reference
    __cxa_finalize                            - Undefined Weak Reference
    __rt_locale                               - Undefined Weak Reference
    __sigvec_lookup                           - Undefined Weak Reference
    _atexit_init                              - Undefined Weak Reference
    _call_atexit_fns                          - Undefined Weak Reference
    _clock_init                               - Undefined Weak Reference
    _fp_trap_init                             - Undefined Weak Reference
    _fp_trap_shutdown                         - Undefined Weak Reference
    _get_lc_collate                           - Undefined Weak Reference
    _get_lc_ctype                             - Undefined Weak Reference
    _get_lc_monetary                          - Undefined Weak Reference
    _get_lc_numeric                           - Undefined Weak Reference
    _get_lc_time                              - Undefined Weak Reference
    _getenv_init                              - Undefined Weak Reference
    _handle_redirection                       - Undefined Weak Reference
    _init_alloc                               - Undefined Weak Reference
    _init_user_alloc                          - Undefined Weak Reference
    _initio                                   - Undefined Weak Reference
    _printf_truncate_signed                   - Undefined Weak Reference
    _printf_truncate_unsigned                 - Undefined Weak Reference
    _rand_init                                - Undefined Weak Reference
    _signal_finish                            - Undefined Weak Reference
    _signal_init                              - Undefined Weak Reference
    _terminate_alloc                          - Undefined Weak Reference
    _terminate_user_alloc                     - Undefined Weak Reference
    _terminateio                              - Undefined Weak Reference
    __Vectors_Size                           0x00000188   Number         0  startup_stm32f407xx.o ABSOLUTE
    __Vectors                                0x08000000   Data           4  startup_stm32f407xx.o(RESET)
    __Vectors_End                            0x08000188   Data           0  startup_stm32f407xx.o(RESET)
    __main                                   0x08000189   Thumb Code     8  __main.o(!!!main)
    __scatterload                            0x08000191   Thumb Code     0  __scatter.o(!!!scatter)
    __scatterload_rt2                        0x08000191   Thumb Code    44  __scatter.o(!!!scatter)
    __scatterload_rt2_thumb_only             0x08000191   Thumb Code     0  __scatter.o(!!!scatter)
    __scatterload_null                       0x0800019f   Thumb Code     0  __scatter.o(!!!scatter)
    __scatterload_copy                       0x080001c5   Thumb Code    26  __scatter_copy.o(!!handler_copy)
    __scatterload_zeroinit                   0x080001e1   Thumb Code    28  __scatter_zi.o(!!handler_zi)
    _printf_percent                          0x080001fd   Thumb Code     0  _printf_percent.o(.ARM.Collect$$_printf_percent$$00000000)
    _printf_u                                0x080001fd   Thumb Code     0  _printf_u.o(.ARM.Collect$$_printf_percent$$0000000A)
    _printf_percent_end                      0x08000203   Thumb Code     0  _printf_percent_end.o(.ARM.Collect$$_printf_percent$$00000017)
    __rt_lib_init                            0x08000207   Thumb Code     0  libinit.o(.ARM.Collect$$libinit$$00000000)
    __rt_lib_init_fp_1                       0x08000209   Thumb Code     0  libinit2.o(.ARM.Collect$$libinit$$00000001)
    __rt_lib_init_alloca_1                   0x0800020d   Thumb Code     0  libinit2.o(.ARM.Collect$$libinit$$0000002E)
    __rt_lib_init_argv_1                     0x0800020d   Thumb Code     0  libinit2.o(.ARM.Collect$$libinit$$0000002C)
    __rt_lib_init_atexit_1                   0x0800020d   Thumb Code     0  libinit2.o(.ARM.Collect$$libinit$$0000001B)
    __rt_lib_init_clock_1                    0x0800020d   Thumb Code     0  libinit2.o(.ARM.Collect$$libinit$$00000021)
    __rt_lib_init_cpp_1                      0x0800020d   Thumb Code     0  libinit2.o(.ARM.Collect$$libinit$$00000032)
    __rt_lib_init_exceptions_1               0x0800020d   Thumb Code     0  libinit2.o(.ARM.Collect$$libinit$$00000030)
    __rt_lib_init_fp_trap_1                  0x0800020d   Thumb Code     0  libinit2.o(.ARM.Collect$$libinit$$0000001F)
    __rt_lib_init_getenv_1                   0x0800020d   Thumb Code     0  libinit2.o(.ARM.Collect$$libinit$$00000023)
    __rt_lib_init_heap_1                     0x0800020d   Thumb Code     0  libinit2.o(.ARM.Collect$$libinit$$0000000A)
    __rt_lib_init_lc_collate_1               0x0800020d   Thumb Code     0  libinit2.o(.ARM.Collect$$libinit$$00000011)
    __rt_lib_init_lc_ctype_1                 0x0800020d   Thumb Code     0  libinit2.o(.ARM.Collect$$libinit$$00000013)
    __rt_lib_init_lc_monetary_1              0x0800020d   Thumb Code     0  libinit2.o(.ARM.Collect$$libinit$$00000015)
    __rt_lib_init_lc_numeric_1               0x0800020d   Thumb Code     0  libinit2.o(.ARM.Collect$$libinit$$00000017)
    __rt_lib_init_lc_time_1                  0x0800020d   Thumb Code     0  libinit2.o(.ARM.Collect$$libinit$$00000019)
    __rt_lib_init_preinit_1                  0x0800020d   Thumb Code     0  libinit2.o(.ARM.Collect$$libinit$$00000004)
    __rt_lib_init_rand_1                     0x0800020d   Thumb Code     0  libinit2.o(.ARM.Collect$$libinit$$0000000E)
    __rt_lib_init_return                     0x0800020d   Thumb Code     0  libinit2.o(.ARM.Collect$$libinit$$00000033)
    __rt_lib_init_signal_1                   0x0800020d   Thumb Code     0  libinit2.o(.ARM.Collect$$libinit$$0000001D)
    __rt_lib_init_stdio_1                    0x0800020d   Thumb Code     0  libinit2.o(.ARM.Collect$$libinit$$00000025)
    __rt_lib_init_user_alloc_1               0x0800020d   Thumb Code     0  libinit2.o(.ARM.Collect$$libinit$$0000000C)
    __rt_lib_shutdown                        0x0800020f   Thumb Code     0  libshutdown.o(.ARM.Collect$$libshutdown$$00000000)
    __rt_lib_shutdown_cpp_1                  0x08000211   Thumb Code     0  libshutdown2.o(.ARM.Collect$$libshutdown$$00000004)
    __rt_lib_shutdown_fini_1                 0x08000211   Thumb Code     0  libshutdown2.o(.ARM.Collect$$libshutdown$$00000002)
    __rt_lib_shutdown_fp_trap_1              0x08000211   Thumb Code     0  libshutdown2.o(.ARM.Collect$$libshutdown$$00000009)
    __rt_lib_shutdown_heap_1                 0x08000211   Thumb Code     0  libshutdown2.o(.ARM.Collect$$libshutdown$$00000011)
    __rt_lib_shutdown_return                 0x08000211   Thumb Code     0  libshutdown2.o(.ARM.Collect$$libshutdown$$00000012)
    __rt_lib_shutdown_signal_1               0x08000211   Thumb Code     0  libshutdown2.o(.ARM.Collect$$libshutdown$$0000000C)
    __rt_lib_shutdown_stdio_1                0x08000211   Thumb Code     0  libshutdown2.o(.ARM.Collect$$libshutdown$$00000006)
    __rt_lib_shutdown_user_alloc_1           0x08000211   Thumb Code     0  libshutdown2.o(.ARM.Collect$$libshutdown$$0000000E)
    __rt_entry                               0x08000213   Thumb Code     0  __rtentry.o(.ARM.Collect$$rtentry$$00000000)
    __rt_entry_presh_1                       0x08000213   Thumb Code     0  __rtentry2.o(.ARM.Collect$$rtentry$$00000002)
    __rt_entry_sh                            0x08000213   Thumb Code     0  __rtentry4.o(.ARM.Collect$$rtentry$$00000004)
    __rt_entry_li                            0x08000219   Thumb Code     0  __rtentry2.o(.ARM.Collect$$rtentry$$0000000A)
    __rt_entry_postsh_1                      0x08000219   Thumb Code     0  __rtentry2.o(.ARM.Collect$$rtentry$$00000009)
    __rt_entry_main                          0x0800021d   Thumb Code     0  __rtentry2.o(.ARM.Collect$$rtentry$$0000000D)
    __rt_entry_postli_1                      0x0800021d   Thumb Code     0  __rtentry2.o(.ARM.Collect$$rtentry$$0000000C)
    __rt_exit                                0x08000225   Thumb Code     0  rtexit.o(.ARM.Collect$$rtexit$$00000000)
    __rt_exit_ls                             0x08000227   Thumb Code     0  rtexit2.o(.ARM.Collect$$rtexit$$00000003)
    __rt_exit_prels_1                        0x08000227   Thumb Code     0  rtexit2.o(.ARM.Collect$$rtexit$$00000002)
    __rt_exit_exit                           0x0800022b   Thumb Code     0  rtexit2.o(.ARM.Collect$$rtexit$$00000004)
    SVC_Handler                              0x08000231   Thumb Code    28  port.o(.emb_text)
    __asm___6_port_c_39a90d8d__prvStartFirstTask 0x08000251   Thumb Code    36  port.o(.emb_text)
    __asm___6_port_c_39a90d8d__prvEnableVFP  0x08000279   Thumb Code    16  port.o(.emb_text)
    PendSV_Handler                           0x0800028d   Thumb Code    88  port.o(.emb_text)
    vPortGetIPSR                             0x080002e9   Thumb Code     6  port.o(.emb_text)
    Reset_Handler                            0x080002f1   Thumb Code     8  startup_stm32f407xx.o(.text)
    ADC_IRQHandler                           0x0800030b   Thumb Code     0  startup_stm32f407xx.o(.text)
    CAN1_RX0_IRQHandler                      0x0800030b   Thumb Code     0  startup_stm32f407xx.o(.text)
    CAN1_RX1_IRQHandler                      0x0800030b   Thumb Code     0  startup_stm32f407xx.o(.text)
    CAN1_SCE_IRQHandler                      0x0800030b   Thumb Code     0  startup_stm32f407xx.o(.text)
    CAN1_TX_IRQHandler                       0x0800030b   Thumb Code     0  startup_stm32f407xx.o(.text)
    CAN2_RX0_IRQHandler                      0x0800030b   Thumb Code     0  startup_stm32f407xx.o(.text)
    CAN2_RX1_IRQHandler                      0x0800030b   Thumb Code     0  startup_stm32f407xx.o(.text)
    CAN2_SCE_IRQHandler                      0x0800030b   Thumb Code     0  startup_stm32f407xx.o(.text)
    CAN2_TX_IRQHandler                       0x0800030b   Thumb Code     0  startup_stm32f407xx.o(.text)
    DCMI_IRQHandler                          0x0800030b   Thumb Code     0  startup_stm32f407xx.o(.text)
    DMA1_Stream0_IRQHandler                  0x0800030b   Thumb Code     0  startup_stm32f407xx.o(.text)
    DMA1_Stream1_IRQHandler                  0x0800030b   Thumb Code     0  startup_stm32f407xx.o(.text)
    DMA1_Stream2_IRQHandler                  0x0800030b   Thumb Code     0  startup_stm32f407xx.o(.text)
    DMA1_Stream3_IRQHandler                  0x0800030b   Thumb Code     0  startup_stm32f407xx.o(.text)
    DMA1_Stream4_IRQHandler                  0x0800030b   Thumb Code     0  startup_stm32f407xx.o(.text)
    DMA1_Stream7_IRQHandler                  0x0800030b   Thumb Code     0  startup_stm32f407xx.o(.text)
    DMA2_Stream0_IRQHandler                  0x0800030b   Thumb Code     0  startup_stm32f407xx.o(.text)
    DMA2_Stream1_IRQHandler                  0x0800030b   Thumb Code     0  startup_stm32f407xx.o(.text)
    DMA2_Stream2_IRQHandler                  0x0800030b   Thumb Code     0  startup_stm32f407xx.o(.text)
    DMA2_Stream3_IRQHandler                  0x0800030b   Thumb Code     0  startup_stm32f407xx.o(.text)
    DMA2_Stream4_IRQHandler                  0x0800030b   Thumb Code     0  startup_stm32f407xx.o(.text)
    DMA2_Stream5_IRQHandler                  0x0800030b   Thumb Code     0  startup_stm32f407xx.o(.text)
    DMA2_Stream6_IRQHandler                  0x0800030b   Thumb Code     0  startup_stm32f407xx.o(.text)
    DMA2_Stream7_IRQHandler                  0x0800030b   Thumb Code     0  startup_stm32f407xx.o(.text)
    ETH_IRQHandler                           0x0800030b   Thumb Code     0  startup_stm32f407xx.o(.text)
    ETH_WKUP_IRQHandler                      0x0800030b   Thumb Code     0  startup_stm32f407xx.o(.text)
    EXTI0_IRQHandler                         0x0800030b   Thumb Code     0  startup_stm32f407xx.o(.text)
    EXTI15_10_IRQHandler                     0x0800030b   Thumb Code     0  startup_stm32f407xx.o(.text)
    EXTI1_IRQHandler                         0x0800030b   Thumb Code     0  startup_stm32f407xx.o(.text)
    EXTI2_IRQHandler                         0x0800030b   Thumb Code     0  startup_stm32f407xx.o(.text)
    EXTI3_IRQHandler                         0x0800030b   Thumb Code     0  startup_stm32f407xx.o(.text)
    EXTI4_IRQHandler                         0x0800030b   Thumb Code     0  startup_stm32f407xx.o(.text)
    EXTI9_5_IRQHandler                       0x0800030b   Thumb Code     0  startup_stm32f407xx.o(.text)
    FLASH_IRQHandler                         0x0800030b   Thumb Code     0  startup_stm32f407xx.o(.text)
    FMC_IRQHandler                           0x0800030b   Thumb Code     0  startup_stm32f407xx.o(.text)
    FPU_IRQHandler                           0x0800030b   Thumb Code     0  startup_stm32f407xx.o(.text)
    HASH_RNG_IRQHandler                      0x0800030b   Thumb Code     0  startup_stm32f407xx.o(.text)
    I2C1_ER_IRQHandler                       0x0800030b   Thumb Code     0  startup_stm32f407xx.o(.text)
    I2C1_EV_IRQHandler                       0x0800030b   Thumb Code     0  startup_stm32f407xx.o(.text)
    I2C2_ER_IRQHandler                       0x0800030b   Thumb Code     0  startup_stm32f407xx.o(.text)
    I2C2_EV_IRQHandler                       0x0800030b   Thumb Code     0  startup_stm32f407xx.o(.text)
    I2C3_ER_IRQHandler                       0x0800030b   Thumb Code     0  startup_stm32f407xx.o(.text)
    I2C3_EV_IRQHandler                       0x0800030b   Thumb Code     0  startup_stm32f407xx.o(.text)
    OTG_FS_IRQHandler                        0x0800030b   Thumb Code     0  startup_stm32f407xx.o(.text)
    OTG_FS_WKUP_IRQHandler                   0x0800030b   Thumb Code     0  startup_stm32f407xx.o(.text)
    OTG_HS_EP1_IN_IRQHandler                 0x0800030b   Thumb Code     0  startup_stm32f407xx.o(.text)
    OTG_HS_EP1_OUT_IRQHandler                0x0800030b   Thumb Code     0  startup_stm32f407xx.o(.text)
    OTG_HS_IRQHandler                        0x0800030b   Thumb Code     0  startup_stm32f407xx.o(.text)
    OTG_HS_WKUP_IRQHandler                   0x0800030b   Thumb Code     0  startup_stm32f407xx.o(.text)
    PVD_IRQHandler                           0x0800030b   Thumb Code     0  startup_stm32f407xx.o(.text)
    RCC_IRQHandler                           0x0800030b   Thumb Code     0  startup_stm32f407xx.o(.text)
    RTC_Alarm_IRQHandler                     0x0800030b   Thumb Code     0  startup_stm32f407xx.o(.text)
    RTC_WKUP_IRQHandler                      0x0800030b   Thumb Code     0  startup_stm32f407xx.o(.text)
    SDIO_IRQHandler                          0x0800030b   Thumb Code     0  startup_stm32f407xx.o(.text)
    SPI1_IRQHandler                          0x0800030b   Thumb Code     0  startup_stm32f407xx.o(.text)
    SPI2_IRQHandler                          0x0800030b   Thumb Code     0  startup_stm32f407xx.o(.text)
    SPI3_IRQHandler                          0x0800030b   Thumb Code     0  startup_stm32f407xx.o(.text)
    TAMP_STAMP_IRQHandler                    0x0800030b   Thumb Code     0  startup_stm32f407xx.o(.text)
    TIM1_BRK_TIM9_IRQHandler                 0x0800030b   Thumb Code     0  startup_stm32f407xx.o(.text)
    TIM1_CC_IRQHandler                       0x0800030b   Thumb Code     0  startup_stm32f407xx.o(.text)
    TIM1_TRG_COM_TIM11_IRQHandler            0x0800030b   Thumb Code     0  startup_stm32f407xx.o(.text)
    TIM2_IRQHandler                          0x0800030b   Thumb Code     0  startup_stm32f407xx.o(.text)
    TIM3_IRQHandler                          0x0800030b   Thumb Code     0  startup_stm32f407xx.o(.text)
    TIM4_IRQHandler                          0x0800030b   Thumb Code     0  startup_stm32f407xx.o(.text)
    TIM5_IRQHandler                          0x0800030b   Thumb Code     0  startup_stm32f407xx.o(.text)
    TIM6_DAC_IRQHandler                      0x0800030b   Thumb Code     0  startup_stm32f407xx.o(.text)
    TIM7_IRQHandler                          0x0800030b   Thumb Code     0  startup_stm32f407xx.o(.text)
    TIM8_BRK_TIM12_IRQHandler                0x0800030b   Thumb Code     0  startup_stm32f407xx.o(.text)
    TIM8_CC_IRQHandler                       0x0800030b   Thumb Code     0  startup_stm32f407xx.o(.text)
    TIM8_TRG_COM_TIM14_IRQHandler            0x0800030b   Thumb Code     0  startup_stm32f407xx.o(.text)
    TIM8_UP_TIM13_IRQHandler                 0x0800030b   Thumb Code     0  startup_stm32f407xx.o(.text)
    UART4_IRQHandler                         0x0800030b   Thumb Code     0  startup_stm32f407xx.o(.text)
    UART5_IRQHandler                         0x0800030b   Thumb Code     0  startup_stm32f407xx.o(.text)
    USART1_IRQHandler                        0x0800030b   Thumb Code     0  startup_stm32f407xx.o(.text)
    USART3_IRQHandler                        0x0800030b   Thumb Code     0  startup_stm32f407xx.o(.text)
    USART6_IRQHandler                        0x0800030b   Thumb Code     0  startup_stm32f407xx.o(.text)
    WWDG_IRQHandler                          0x0800030b   Thumb Code     0  startup_stm32f407xx.o(.text)
    __user_initial_stackheap                 0x0800030d   Thumb Code     0  startup_stm32f407xx.o(.text)
    __aeabi_uldivmod                         0x08000331   Thumb Code     0  lludivv7m.o(.text)
    _ll_udiv                                 0x08000331   Thumb Code   238  lludivv7m.o(.text)
    __2sprintf                               0x08000421   Thumb Code    34  noretval__2sprintf.o(.text)
    _printf_pre_padding                      0x08000449   Thumb Code    44  _printf_pad.o(.text)
    _printf_post_padding                     0x08000475   Thumb Code    34  _printf_pad.o(.text)
    _printf_int_dec                          0x08000499   Thumb Code   104  _printf_dec.o(.text)
    __printf                                 0x08000511   Thumb Code   308  __printf_flags_wp.o(.text)
    strlen                                   0x08000649   Thumb Code    62  strlen.o(.text)
    strcat                                   0x08000687   Thumb Code    24  strcat.o(.text)
    __aeabi_memcpy4                          0x0800069f   Thumb Code     0  rt_memcpy_w.o(.text)
    __aeabi_memcpy8                          0x0800069f   Thumb Code     0  rt_memcpy_w.o(.text)
    __rt_memcpy_w                            0x0800069f   Thumb Code   100  rt_memcpy_w.o(.text)
    _memcpy_lastbytes_aligned                0x080006e7   Thumb Code     0  rt_memcpy_w.o(.text)
    __aeabi_memclr4                          0x08000703   Thumb Code     0  rt_memclr_w.o(.text)
    __aeabi_memclr8                          0x08000703   Thumb Code     0  rt_memclr_w.o(.text)
    __rt_memclr_w                            0x08000703   Thumb Code    78  rt_memclr_w.o(.text)
    _memset_w                                0x08000707   Thumb Code     0  rt_memclr_w.o(.text)
    __use_two_region_memory                  0x08000751   Thumb Code     2  heapauxi.o(.text)
    __rt_heap_escrow$2region                 0x08000753   Thumb Code     2  heapauxi.o(.text)
    __rt_heap_expand$2region                 0x08000755   Thumb Code     2  heapauxi.o(.text)
    __read_errno                             0x08000757   Thumb Code    10  _rserrno.o(.text)
    __set_errno                              0x08000761   Thumb Code    12  _rserrno.o(.text)
    _printf_int_common                       0x0800076d   Thumb Code   178  _printf_intcommon.o(.text)
    _printf_char_common                      0x0800082b   Thumb Code    32  _printf_char_common.o(.text)
    _sputc                                   0x08000851   Thumb Code    10  _sputc.o(.text)
    __aeabi_errno_addr                       0x0800085d   Thumb Code     8  rt_errno_addr_intlibspace.o(.text)
    __errno$intlibspace                      0x0800085d   Thumb Code     0  rt_errno_addr_intlibspace.o(.text)
    __rt_errno_addr$intlibspace              0x0800085d   Thumb Code     0  rt_errno_addr_intlibspace.o(.text)
    __user_libspace                          0x08000865   Thumb Code     8  libspace.o(.text)
    __user_perproc_libspace                  0x08000865   Thumb Code     0  libspace.o(.text)
    __user_perthread_libspace                0x08000865   Thumb Code     0  libspace.o(.text)
    __user_setup_stackheap                   0x0800086d   Thumb Code    74  sys_stackheap_outer.o(.text)
    exit                                     0x080008b7   Thumb Code    18  exit.o(.text)
    _sys_exit                                0x080008c9   Thumb Code     8  sys_exit.o(.text)
    __I$use$semihosting                      0x080008d5   Thumb Code     0  use_no_semi.o(.text)
    __use_no_semihosting_swi                 0x080008d5   Thumb Code     2  use_no_semi.o(.text)
    BusFault_Handler                         0x080008d7   Thumb Code     2  stm32f4xx_it.o(i.BusFault_Handler)
    __semihosting_library_function           0x080008d7   Thumb Code     0  indicate_semi.o(.text)
    DMA1_Stream5_IRQHandler                  0x080008d9   Thumb Code     6  stm32f4xx_it.o(i.DMA1_Stream5_IRQHandler)
    DMA1_Stream6_IRQHandler                  0x080008e5   Thumb Code     6  stm32f4xx_it.o(i.DMA1_Stream6_IRQHandler)
    DebugMon_Handler                         0x0800096d   Thumb Code     2  stm32f4xx_it.o(i.DebugMon_Handler)
    Error_Handler                            0x0800096f   Thumb Code     4  main.o(i.Error_Handler)
    HAL_DMA_Abort                            0x08000973   Thumb Code   146  stm32f4xx_hal_dma.o(i.HAL_DMA_Abort)
    HAL_DMA_Abort_IT                         0x08000a05   Thumb Code    36  stm32f4xx_hal_dma.o(i.HAL_DMA_Abort_IT)
    HAL_DMA_IRQHandler                       0x08000a29   Thumb Code   412  stm32f4xx_hal_dma.o(i.HAL_DMA_IRQHandler)
    HAL_DMA_Init                             0x08000bc9   Thumb Code   206  stm32f4xx_hal_dma.o(i.HAL_DMA_Init)
    HAL_GPIO_Init                            0x08000c9d   Thumb Code   450  stm32f4xx_hal_gpio.o(i.HAL_GPIO_Init)
    HAL_GetTick                              0x08000e8d   Thumb Code     6  stm32f4xx_hal.o(i.HAL_GetTick)
    HAL_IncTick                              0x08000e99   Thumb Code    12  stm32f4xx_hal.o(i.HAL_IncTick)
    HAL_Init                                 0x08000ea9   Thumb Code    48  stm32f4xx_hal.o(i.HAL_Init)
    HAL_InitTick                             0x08000edd   Thumb Code   118  stm32f4xx_hal_timebase_tim.o(i.HAL_InitTick)
    HAL_MspInit                              0x08000f69   Thumb Code    52  stm32f4xx_hal_msp.o(i.HAL_MspInit)
    HAL_NVIC_EnableIRQ                       0x08000fa1   Thumb Code    26  stm32f4xx_hal_cortex.o(i.HAL_NVIC_EnableIRQ)
    HAL_NVIC_SetPriority                     0x08000fbd   Thumb Code    60  stm32f4xx_hal_cortex.o(i.HAL_NVIC_SetPriority)
    HAL_NVIC_SetPriorityGrouping             0x08000ffd   Thumb Code    26  stm32f4xx_hal_cortex.o(i.HAL_NVIC_SetPriorityGrouping)
    HAL_RCC_ClockConfig                      0x08001021   Thumb Code   288  stm32f4xx_hal_rcc.o(i.HAL_RCC_ClockConfig)
    HAL_RCC_GetClockConfig                   0x08001155   Thumb Code    54  stm32f4xx_hal_rcc.o(i.HAL_RCC_GetClockConfig)
    HAL_RCC_GetPCLK1Freq                     0x08001195   Thumb Code    20  stm32f4xx_hal_rcc.o(i.HAL_RCC_GetPCLK1Freq)
    HAL_RCC_GetPCLK2Freq                     0x080011b5   Thumb Code    20  stm32f4xx_hal_rcc.o(i.HAL_RCC_GetPCLK2Freq)
    HAL_RCC_GetSysClockFreq                  0x080011d5   Thumb Code    88  stm32f4xx_hal_rcc.o(i.HAL_RCC_GetSysClockFreq)
    HAL_RCC_OscConfig                        0x08001239   Thumb Code   856  stm32f4xx_hal_rcc.o(i.HAL_RCC_OscConfig)
    HAL_TIMEx_BreakCallback                  0x080015a5   Thumb Code     2  stm32f4xx_hal_tim_ex.o(i.HAL_TIMEx_BreakCallback)
    HAL_TIMEx_CommutCallback                 0x080015a7   Thumb Code     2  stm32f4xx_hal_tim_ex.o(i.HAL_TIMEx_CommutCallback)
    HAL_TIM_Base_Init                        0x080015a9   Thumb Code    90  stm32f4xx_hal_tim.o(i.HAL_TIM_Base_Init)
    HAL_TIM_Base_MspInit                     0x08001603   Thumb Code     2  stm32f4xx_hal_tim.o(i.HAL_TIM_Base_MspInit)
    HAL_TIM_Base_Start_IT                    0x08001605   Thumb Code   100  stm32f4xx_hal_tim.o(i.HAL_TIM_Base_Start_IT)
    HAL_TIM_IC_CaptureCallback               0x08001685   Thumb Code     2  stm32f4xx_hal_tim.o(i.HAL_TIM_IC_CaptureCallback)
    HAL_TIM_IRQHandler                       0x08001687   Thumb Code   304  stm32f4xx_hal_tim.o(i.HAL_TIM_IRQHandler)
    HAL_TIM_OC_DelayElapsedCallback          0x080017b7   Thumb Code     2  stm32f4xx_hal_tim.o(i.HAL_TIM_OC_DelayElapsedCallback)
    HAL_TIM_PWM_PulseFinishedCallback        0x080017b9   Thumb Code     2  stm32f4xx_hal_tim.o(i.HAL_TIM_PWM_PulseFinishedCallback)
    HAL_TIM_PeriodElapsedCallback            0x080017bd   Thumb Code    14  main.o(i.HAL_TIM_PeriodElapsedCallback)
    HAL_TIM_TriggerCallback                  0x080017d1   Thumb Code     2  stm32f4xx_hal_tim.o(i.HAL_TIM_TriggerCallback)
    HAL_UARTEx_RxEventCallback               0x080017d3   Thumb Code     2  stm32f4xx_hal_uart.o(i.HAL_UARTEx_RxEventCallback)
    HAL_UART_ErrorCallback                   0x080017d5   Thumb Code     2  stm32f4xx_hal_uart.o(i.HAL_UART_ErrorCallback)
    HAL_UART_IRQHandler                      0x080017d9   Thumb Code   636  stm32f4xx_hal_uart.o(i.HAL_UART_IRQHandler)
    HAL_UART_Init                            0x08001a59   Thumb Code   100  stm32f4xx_hal_uart.o(i.HAL_UART_Init)
    HAL_UART_MspInit                         0x08001abd   Thumb Code   208  usart.o(i.HAL_UART_MspInit)
    HAL_UART_RxCpltCallback                  0x08001ba1   Thumb Code     2  stm32f4xx_hal_uart.o(i.HAL_UART_RxCpltCallback)
    HAL_UART_Transmit                        0x08001ba3   Thumb Code   160  stm32f4xx_hal_uart.o(i.HAL_UART_Transmit)
    HAL_UART_TxCpltCallback                  0x08001c43   Thumb Code     2  stm32f4xx_hal_uart.o(i.HAL_UART_TxCpltCallback)
    HardFault_Handler                        0x08001c45   Thumb Code     2  stm32f4xx_it.o(i.HardFault_Handler)
    IK_2D                                    0x08001c49   Thumb Code   328  drive.o(i.IK_2D)
    IK_3D                                    0x08001dc1   Thumb Code   102  drive.o(i.IK_3D)
    MX_DMA_Init                              0x08001e3d   Thumb Code    56  dma.o(i.MX_DMA_Init)
    MX_FREERTOS_Init                         0x08001e79   Thumb Code    30  freertos.o(i.MX_FREERTOS_Init)
    MX_GPIO_Init                             0x08001ea1   Thumb Code    38  gpio.o(i.MX_GPIO_Init)
    MX_USART2_UART_Init                      0x08001ecd   Thumb Code    48  usart.o(i.MX_USART2_UART_Init)
    MemManage_Handler                        0x08001f05   Thumb Code     2  stm32f4xx_it.o(i.MemManage_Handler)
    NMI_Handler                              0x08001f07   Thumb Code     2  stm32f4xx_it.o(i.NMI_Handler)
    ServoBus_Move_Mony                       0x08001f09   Thumb Code   152  commuction_1.o(i.ServoBus_Move_Mony)
    ServoBus_SendCmd                         0x08001fb9   Thumb Code    38  commuction_1.o(i.ServoBus_SendCmd)
    StartDefaultTask                         0x08001fe5   Thumb Code    12  freertos.o(i.StartDefaultTask)
    SysTick_Handler                          0x08001ff1   Thumb Code    38  port.o(i.SysTick_Handler)
    SystemClock_Config                       0x0800201d   Thumb Code   116  main.o(i.SystemClock_Config)
    SystemInit                               0x08002099   Thumb Code    12  system_stm32f4xx.o(i.SystemInit)
    TIM1_UP_TIM10_IRQHandler                 0x080020a9   Thumb Code     6  stm32f4xx_it.o(i.TIM1_UP_TIM10_IRQHandler)
    TIM_Base_SetConfig                       0x080020b5   Thumb Code   164  stm32f4xx_hal_tim.o(i.TIM_Base_SetConfig)
    USART2_IRQHandler                        0x08002425   Thumb Code     6  stm32f4xx_it.o(i.USART2_IRQHandler)
    UsageFault_Handler                       0x08002431   Thumb Code     2  stm32f4xx_it.o(i.UsageFault_Handler)
    __ARM_fpclassifyf                        0x08002433   Thumb Code    38  fpclassifyf.o(i.__ARM_fpclassifyf)
    __hardfp_acosf                           0x08002479   Thumb Code   234  acosf.o(i.__hardfp_acosf)
    __hardfp_atan2f                          0x08002591   Thumb Code   594  atan2f.o(i.__hardfp_atan2f)
    __hardfp_cosf                            0x0800283d   Thumb Code   280  cosf.o(i.__hardfp_cosf)
    __hardfp_sinf                            0x0800298d   Thumb Code   344  sinf.o(i.__hardfp_sinf)
    __hardfp_sqrtf                           0x08002b1d   Thumb Code    58  sqrtf.o(i.__hardfp_sqrtf)
    __mathlib_flt_infnan                     0x08002b57   Thumb Code     6  funder.o(i.__mathlib_flt_infnan)
    __mathlib_flt_infnan2                    0x08002b5d   Thumb Code     6  funder.o(i.__mathlib_flt_infnan2)
    __mathlib_flt_invalid                    0x08002b65   Thumb Code    10  funder.o(i.__mathlib_flt_invalid)
    __mathlib_flt_underflow                  0x08002b75   Thumb Code    10  funder.o(i.__mathlib_flt_underflow)
    __mathlib_rredf2                         0x08002b85   Thumb Code   316  rredf.o(i.__mathlib_rredf2)
    _is_digit                                0x08002cd9   Thumb Code    14  __printf_wp.o(i._is_digit)
    angle_to_pwm                             0x08002ce9   Thumb Code    38  drive.o(i.angle_to_pwm)
    arm_control_task                         0x08002d21   Thumb Code     8  start_task.o(i.arm_control_task)
    clamp                                    0x08002d29   Thumb Code    32  drive.o(i.clamp)
    comm_task                                0x08002d49   Thumb Code     8  start_task.o(i.comm_task)
    main                                     0x08002dd1   Thumb Code    30  main.o(i.main)
    main_task                                0x08002df1   Thumb Code   196  start_task.o(i.main_task)
    osDelay                                  0x08002f3d   Thumb Code    14  cmsis_os.o(i.osDelay)
    osKernelStart                            0x08002f4b   Thumb Code    10  cmsis_os.o(i.osKernelStart)
    osThreadCreate                           0x08002f55   Thumb Code    84  cmsis_os.o(i.osThreadCreate)
    pvPortMalloc                             0x080032f5   Thumb Code   216  heap_4.o(i.pvPortMalloc)
    pxPortInitialiseStack                    0x080033d1   Thumb Code    40  port.o(i.pxPortInitialiseStack)
    sensor_task                              0x080033fd   Thumb Code     8  start_task.o(i.sensor_task)
    sqrtf                                    0x08003475   Thumb Code    62  sqrtf.o(i.sqrtf)
    start_task                               0x080034b5   Thumb Code   216  start_task.o(i.start_task)
    task_init                                0x08003599   Thumb Code   120  task_init.o(i.task_init)
    uxListRemove                             0x08003655   Thumb Code    38  list.o(i.uxListRemove)
    vApplicationGetIdleTaskMemory            0x0800367d   Thumb Code    16  freertos.o(i.vApplicationGetIdleTaskMemory)
    vListInitialise                          0x08003691   Thumb Code    22  list.o(i.vListInitialise)
    vListInitialiseItem                      0x080036a7   Thumb Code     6  list.o(i.vListInitialiseItem)
    vListInsert                              0x080036ad   Thumb Code    48  list.o(i.vListInsert)
    vListInsertEnd                           0x080036dd   Thumb Code    24  list.o(i.vListInsertEnd)
    vPortEnterCritical                       0x080036f5   Thumb Code    54  port.o(i.vPortEnterCritical)
    vPortExitCritical                        0x08003735   Thumb Code    34  port.o(i.vPortExitCritical)
    vPortFree                                0x0800375d   Thumb Code    94  heap_4.o(i.vPortFree)
    vPortSetupTimerInterrupt                 0x080037c1   Thumb Code    32  port.o(i.vPortSetupTimerInterrupt)
    vTaskDelay                               0x080037e5   Thumb Code    66  tasks.o(i.vTaskDelay)
    vTaskDelete                              0x08003831   Thumb Code   158  tasks.o(i.vTaskDelete)
    vTaskStartScheduler                      0x080038dd   Thumb Code    90  tasks.o(i.vTaskStartScheduler)
    vTaskSuspendAll                          0x08003949   Thumb Code    10  tasks.o(i.vTaskSuspendAll)
    vTaskSwitchContext                       0x08003959   Thumb Code    82  tasks.o(i.vTaskSwitchContext)
    xPortStartScheduler                      0x080039b5   Thumb Code   222  port.o(i.xPortStartScheduler)
    xTaskCreate                              0x08003aa9   Thumb Code    90  tasks.o(i.xTaskCreate)
    xTaskCreateStatic                        0x08003b03   Thumb Code    86  tasks.o(i.xTaskCreateStatic)
    xTaskIncrementTick                       0x08003b59   Thumb Code   194  tasks.o(i.xTaskIncrementTick)
    xTaskResumeAll                           0x08003c25   Thumb Code   182  tasks.o(i.xTaskResumeAll)
    __aeabi_d2f                              0x08003ce9   Thumb Code     0  d2f.o(x$fpl$d2f)
    _d2f                                     0x08003ce9   Thumb Code    98  d2f.o(x$fpl$d2f)
    __aeabi_dadd                             0x08003d4d   Thumb Code     0  daddsub_clz.o(x$fpl$dadd)
    _dadd                                    0x08003d4d   Thumb Code   332  daddsub_clz.o(x$fpl$dadd)
    __aeabi_d2uiz                            0x08003e9d   Thumb Code     0  dfixu.o(x$fpl$dfixu)
    _dfixu                                   0x08003e9d   Thumb Code    90  dfixu.o(x$fpl$dfixu)
    __aeabi_ui2d                             0x08003ef7   Thumb Code     0  dflt_clz.o(x$fpl$dfltu)
    _dfltu                                   0x08003ef7   Thumb Code    38  dflt_clz.o(x$fpl$dfltu)
    __aeabi_dmul                             0x08003f1d   Thumb Code     0  dmul.o(x$fpl$dmul)
    _dmul                                    0x08003f1d   Thumb Code   332  dmul.o(x$fpl$dmul)
    __fpl_dnaninf                            0x08004071   Thumb Code   156  dnaninf.o(x$fpl$dnaninf)
    __fpl_dretinf                            0x0800410d   Thumb Code    12  dretinf.o(x$fpl$dretinf)
    __aeabi_dsub                             0x08004119   Thumb Code     0  daddsub_clz.o(x$fpl$dsub)
    _dsub                                    0x08004119   Thumb Code   464  daddsub_clz.o(x$fpl$dsub)
    __aeabi_f2d                              0x080042ed   Thumb Code     0  f2d.o(x$fpl$f2d)
    _f2d                                     0x080042ed   Thumb Code    86  f2d.o(x$fpl$f2d)
    __fpl_fnaninf                            0x08004343   Thumb Code   140  fnaninf.o(x$fpl$fnaninf)
    _fp_init                                 0x080043cf   Thumb Code    10  fpinit.o(x$fpl$fpinit)
    __fplib_config_fpu_vfp                   0x080043d7   Thumb Code     0  fpinit.o(x$fpl$fpinit)
    __fplib_config_pureend_doubles           0x080043d7   Thumb Code     0  fpinit.o(x$fpl$fpinit)
    __fpl_fretinf                            0x080043d9   Thumb Code    10  fretinf.o(x$fpl$fretinf)
    __I$use$fp                               0x080043e2   Number         0  usenofp.o(x$fpl$usenofp)
    AHBPrescTable                            0x08004408   Data          16  system_stm32f4xx.o(.constdata)
    APBPrescTable                            0x08004418   Data           8  system_stm32f4xx.o(.constdata)
    Region$$Table$$Base                      0x080044e0   Number         0  anon$$obj.o(Region$$Table)
    Region$$Table$$Limit                     0x08004500   Number         0  anon$$obj.o(Region$$Table)
    defaultTaskHandle                        0x20000000   Data           4  freertos.o(.data)
    uwTickFreq                               0x20000004   Data           1  stm32f4xx_hal.o(.data)
    uwTickPrio                               0x20000008   Data           4  stm32f4xx_hal.o(.data)
    uwTick                                   0x2000000c   Data           4  stm32f4xx_hal.o(.data)
    SystemCoreClock                          0x20000010   Data           4  system_stm32f4xx.o(.data)
    pxCurrentTCB                             0x20000014   Data           4  tasks.o(.data)
    motor1                                   0x2000007c   Data           4  drive.o(.data)
    motor2                                   0x20000080   Data           4  drive.o(.data)
    motor3                                   0x20000084   Data           4  drive.o(.data)
    start_task_Handle                        0x20000088   Data           4  task_init.o(.data)
    main_task_Handle                         0x2000008c   Data           4  task_init.o(.data)
    arm_control_task_Handle                  0x20000090   Data           4  task_init.o(.data)
    comm_task_Handle                         0x20000094   Data           4  task_init.o(.data)
    sensor_task_Handle                       0x20000098   Data           4  task_init.o(.data)
    huart2                                   0x200002f0   Data          72  usart.o(.bss)
    hdma_usart2_rx                           0x20000338   Data          96  usart.o(.bss)
    hdma_usart2_tx                           0x20000398   Data          96  usart.o(.bss)
    htim1                                    0x200003f8   Data          72  stm32f4xx_hal_timebase_tim.o(.bss)
    offset                                   0x20004130   Data          12  drive.o(.bss)
    __libspace_start                         0x20004200   Data          96  libspace.o(.bss)
    __temporary_stack_top$libspace           0x20004260   Data           0  libspace.o(.bss)



==============================================================================

Memory Map of the image

  Image Entry point : 0x08000189

  Load Region LR_IROM1 (Base: 0x08000000, Size: 0x0000459c, Max: 0x00080000, ABSOLUTE)

    Execution Region ER_IROM1 (Exec base: 0x08000000, Load base: 0x08000000, Size: 0x00004500, Max: 0x00080000, ABSOLUTE)

    Exec Addr    Load Addr    Size         Type   Attr      Idx    E Section Name        Object

    0x08000000   0x08000000   0x00000188   Data   RO            3    RESET               startup_stm32f407xx.o
    0x08000188   0x08000188   0x00000008   Code   RO         4636  * !!!main             c_w.l(__main.o)
    0x08000190   0x08000190   0x00000034   Code   RO         4933    !!!scatter          c_w.l(__scatter.o)
    0x080001c4   0x080001c4   0x0000001a   Code   RO         4935    !!handler_copy      c_w.l(__scatter_copy.o)
    0x080001de   0x080001de   0x00000002   PAD
    0x080001e0   0x080001e0   0x0000001c   Code   RO         4937    !!handler_zi        c_w.l(__scatter_zi.o)
    0x080001fc   0x080001fc   0x00000000   Code   RO         4621    .ARM.Collect$$_printf_percent$$00000000  c_w.l(_printf_percent.o)
    0x080001fc   0x080001fc   0x00000006   Code   RO         4620    .ARM.Collect$$_printf_percent$$0000000A  c_w.l(_printf_u.o)
    0x08000202   0x08000202   0x00000004   Code   RO         4733    .ARM.Collect$$_printf_percent$$00000017  c_w.l(_printf_percent_end.o)
    0x08000206   0x08000206   0x00000002   Code   RO         4804    .ARM.Collect$$libinit$$00000000  c_w.l(libinit.o)
    0x08000208   0x08000208   0x00000004   Code   RO         4813    .ARM.Collect$$libinit$$00000001  c_w.l(libinit2.o)
    0x0800020c   0x0800020c   0x00000000   Code   RO         4816    .ARM.Collect$$libinit$$00000004  c_w.l(libinit2.o)
    0x0800020c   0x0800020c   0x00000000   Code   RO         4819    .ARM.Collect$$libinit$$0000000A  c_w.l(libinit2.o)
    0x0800020c   0x0800020c   0x00000000   Code   RO         4821    .ARM.Collect$$libinit$$0000000C  c_w.l(libinit2.o)
    0x0800020c   0x0800020c   0x00000000   Code   RO         4823    .ARM.Collect$$libinit$$0000000E  c_w.l(libinit2.o)
    0x0800020c   0x0800020c   0x00000000   Code   RO         4826    .ARM.Collect$$libinit$$00000011  c_w.l(libinit2.o)
    0x0800020c   0x0800020c   0x00000000   Code   RO         4828    .ARM.Collect$$libinit$$00000013  c_w.l(libinit2.o)
    0x0800020c   0x0800020c   0x00000000   Code   RO         4830    .ARM.Collect$$libinit$$00000015  c_w.l(libinit2.o)
    0x0800020c   0x0800020c   0x00000000   Code   RO         4832    .ARM.Collect$$libinit$$00000017  c_w.l(libinit2.o)
    0x0800020c   0x0800020c   0x00000000   Code   RO         4834    .ARM.Collect$$libinit$$00000019  c_w.l(libinit2.o)
    0x0800020c   0x0800020c   0x00000000   Code   RO         4836    .ARM.Collect$$libinit$$0000001B  c_w.l(libinit2.o)
    0x0800020c   0x0800020c   0x00000000   Code   RO         4838    .ARM.Collect$$libinit$$0000001D  c_w.l(libinit2.o)
    0x0800020c   0x0800020c   0x00000000   Code   RO         4840    .ARM.Collect$$libinit$$0000001F  c_w.l(libinit2.o)
    0x0800020c   0x0800020c   0x00000000   Code   RO         4842    .ARM.Collect$$libinit$$00000021  c_w.l(libinit2.o)
    0x0800020c   0x0800020c   0x00000000   Code   RO         4844    .ARM.Collect$$libinit$$00000023  c_w.l(libinit2.o)
    0x0800020c   0x0800020c   0x00000000   Code   RO         4846    .ARM.Collect$$libinit$$00000025  c_w.l(libinit2.o)
    0x0800020c   0x0800020c   0x00000000   Code   RO         4850    .ARM.Collect$$libinit$$0000002C  c_w.l(libinit2.o)
    0x0800020c   0x0800020c   0x00000000   Code   RO         4852    .ARM.Collect$$libinit$$0000002E  c_w.l(libinit2.o)
    0x0800020c   0x0800020c   0x00000000   Code   RO         4854    .ARM.Collect$$libinit$$00000030  c_w.l(libinit2.o)
    0x0800020c   0x0800020c   0x00000000   Code   RO         4856    .ARM.Collect$$libinit$$00000032  c_w.l(libinit2.o)
    0x0800020c   0x0800020c   0x00000002   Code   RO         4857    .ARM.Collect$$libinit$$00000033  c_w.l(libinit2.o)
    0x0800020e   0x0800020e   0x00000002   Code   RO         4888    .ARM.Collect$$libshutdown$$00000000  c_w.l(libshutdown.o)
    0x08000210   0x08000210   0x00000000   Code   RO         4914    .ARM.Collect$$libshutdown$$00000002  c_w.l(libshutdown2.o)
    0x08000210   0x08000210   0x00000000   Code   RO         4916    .ARM.Collect$$libshutdown$$00000004  c_w.l(libshutdown2.o)
    0x08000210   0x08000210   0x00000000   Code   RO         4918    .ARM.Collect$$libshutdown$$00000006  c_w.l(libshutdown2.o)
    0x08000210   0x08000210   0x00000000   Code   RO         4921    .ARM.Collect$$libshutdown$$00000009  c_w.l(libshutdown2.o)
    0x08000210   0x08000210   0x00000000   Code   RO         4924    .ARM.Collect$$libshutdown$$0000000C  c_w.l(libshutdown2.o)
    0x08000210   0x08000210   0x00000000   Code   RO         4926    .ARM.Collect$$libshutdown$$0000000E  c_w.l(libshutdown2.o)
    0x08000210   0x08000210   0x00000000   Code   RO         4929    .ARM.Collect$$libshutdown$$00000011  c_w.l(libshutdown2.o)
    0x08000210   0x08000210   0x00000002   Code   RO         4930    .ARM.Collect$$libshutdown$$00000012  c_w.l(libshutdown2.o)
    0x08000212   0x08000212   0x00000000   Code   RO         4720    .ARM.Collect$$rtentry$$00000000  c_w.l(__rtentry.o)
    0x08000212   0x08000212   0x00000000   Code   RO         4765    .ARM.Collect$$rtentry$$00000002  c_w.l(__rtentry2.o)
    0x08000212   0x08000212   0x00000006   Code   RO         4777    .ARM.Collect$$rtentry$$00000004  c_w.l(__rtentry4.o)
    0x08000218   0x08000218   0x00000000   Code   RO         4767    .ARM.Collect$$rtentry$$00000009  c_w.l(__rtentry2.o)
    0x08000218   0x08000218   0x00000004   Code   RO         4768    .ARM.Collect$$rtentry$$0000000A  c_w.l(__rtentry2.o)
    0x0800021c   0x0800021c   0x00000000   Code   RO         4770    .ARM.Collect$$rtentry$$0000000C  c_w.l(__rtentry2.o)
    0x0800021c   0x0800021c   0x00000008   Code   RO         4771    .ARM.Collect$$rtentry$$0000000D  c_w.l(__rtentry2.o)
    0x08000224   0x08000224   0x00000002   Code   RO         4805    .ARM.Collect$$rtexit$$00000000  c_w.l(rtexit.o)
    0x08000226   0x08000226   0x00000000   Code   RO         4861    .ARM.Collect$$rtexit$$00000002  c_w.l(rtexit2.o)
    0x08000226   0x08000226   0x00000004   Code   RO         4862    .ARM.Collect$$rtexit$$00000003  c_w.l(rtexit2.o)
    0x0800022a   0x0800022a   0x00000006   Code   RO         4863    .ARM.Collect$$rtexit$$00000004  c_w.l(rtexit2.o)
    0x08000230   0x08000230   0x000000be   Code   RO         4233    .emb_text           port.o
    0x080002ee   0x080002ee   0x00000002   PAD
    0x080002f0   0x080002f0   0x00000040   Code   RO            4    .text               startup_stm32f407xx.o
    0x08000330   0x08000330   0x000000ee   Code   RO         4588    .text               c_w.l(lludivv7m.o)
    0x0800041e   0x0800041e   0x00000002   PAD
    0x08000420   0x08000420   0x00000028   Code   RO         4592    .text               c_w.l(noretval__2sprintf.o)
    0x08000448   0x08000448   0x0000004e   Code   RO         4596    .text               c_w.l(_printf_pad.o)
    0x08000496   0x08000496   0x00000002   PAD
    0x08000498   0x08000498   0x00000078   Code   RO         4598    .text               c_w.l(_printf_dec.o)
    0x08000510   0x08000510   0x00000138   Code   RO         4612    .text               c_w.l(__printf_flags_wp.o)
    0x08000648   0x08000648   0x0000003e   Code   RO         4622    .text               c_w.l(strlen.o)
    0x08000686   0x08000686   0x00000018   Code   RO         4624    .text               c_w.l(strcat.o)
    0x0800069e   0x0800069e   0x00000064   Code   RO         4628    .text               c_w.l(rt_memcpy_w.o)
    0x08000702   0x08000702   0x0000004e   Code   RO         4632    .text               c_w.l(rt_memclr_w.o)
    0x08000750   0x08000750   0x00000006   Code   RO         4634    .text               c_w.l(heapauxi.o)
    0x08000756   0x08000756   0x00000016   Code   RO         4725    .text               c_w.l(_rserrno.o)
    0x0800076c   0x0800076c   0x000000b2   Code   RO         4727    .text               c_w.l(_printf_intcommon.o)
    0x0800081e   0x0800081e   0x00000002   PAD
    0x08000820   0x08000820   0x00000030   Code   RO         4729    .text               c_w.l(_printf_char_common.o)
    0x08000850   0x08000850   0x0000000a   Code   RO         4731    .text               c_w.l(_sputc.o)
    0x0800085a   0x0800085a   0x00000002   PAD
    0x0800085c   0x0800085c   0x00000008   Code   RO         4784    .text               c_w.l(rt_errno_addr_intlibspace.o)
    0x08000864   0x08000864   0x00000008   Code   RO         4788    .text               c_w.l(libspace.o)
    0x0800086c   0x0800086c   0x0000004a   Code   RO         4791    .text               c_w.l(sys_stackheap_outer.o)
    0x080008b6   0x080008b6   0x00000012   Code   RO         4793    .text               c_w.l(exit.o)
    0x080008c8   0x080008c8   0x0000000c   Code   RO         4858    .text               c_w.l(sys_exit.o)
    0x080008d4   0x080008d4   0x00000002   Code   RO         4877    .text               c_w.l(use_no_semi.o)
    0x080008d6   0x080008d6   0x00000000   Code   RO         4879    .text               c_w.l(indicate_semi.o)
    0x080008d6   0x080008d6   0x00000002   Code   RO          347    i.BusFault_Handler  stm32f4xx_it.o
    0x080008d8   0x080008d8   0x0000000c   Code   RO          348    i.DMA1_Stream5_IRQHandler  stm32f4xx_it.o
    0x080008e4   0x080008e4   0x0000000c   Code   RO          349    i.DMA1_Stream6_IRQHandler  stm32f4xx_it.o
    0x080008f0   0x080008f0   0x00000028   Code   RO          951    i.DMA_CalcBaseAndBitshift  stm32f4xx_hal_dma.o
    0x08000918   0x08000918   0x00000054   Code   RO          952    i.DMA_CheckFifoParam  stm32f4xx_hal_dma.o
    0x0800096c   0x0800096c   0x00000002   Code   RO          350    i.DebugMon_Handler  stm32f4xx_it.o
    0x0800096e   0x0800096e   0x00000004   Code   RO           13    i.Error_Handler     main.o
    0x08000972   0x08000972   0x00000092   Code   RO          954    i.HAL_DMA_Abort     stm32f4xx_hal_dma.o
    0x08000a04   0x08000a04   0x00000024   Code   RO          955    i.HAL_DMA_Abort_IT  stm32f4xx_hal_dma.o
    0x08000a28   0x08000a28   0x000001a0   Code   RO          959    i.HAL_DMA_IRQHandler  stm32f4xx_hal_dma.o
    0x08000bc8   0x08000bc8   0x000000d4   Code   RO          960    i.HAL_DMA_Init      stm32f4xx_hal_dma.o
    0x08000c9c   0x08000c9c   0x000001f0   Code   RO          847    i.HAL_GPIO_Init     stm32f4xx_hal_gpio.o
    0x08000e8c   0x08000e8c   0x0000000c   Code   RO         1397    i.HAL_GetTick       stm32f4xx_hal.o
    0x08000e98   0x08000e98   0x00000010   Code   RO         1403    i.HAL_IncTick       stm32f4xx_hal.o
    0x08000ea8   0x08000ea8   0x00000034   Code   RO         1404    i.HAL_Init          stm32f4xx_hal.o
    0x08000edc   0x08000edc   0x0000008c   Code   RO          453    i.HAL_InitTick      stm32f4xx_hal_timebase_tim.o
    0x08000f68   0x08000f68   0x00000038   Code   RO          429    i.HAL_MspInit       stm32f4xx_hal_msp.o
    0x08000fa0   0x08000fa0   0x0000001a   Code   RO         1239    i.HAL_NVIC_EnableIRQ  stm32f4xx_hal_cortex.o
    0x08000fba   0x08000fba   0x00000002   PAD
    0x08000fbc   0x08000fbc   0x00000040   Code   RO         1245    i.HAL_NVIC_SetPriority  stm32f4xx_hal_cortex.o
    0x08000ffc   0x08000ffc   0x00000024   Code   RO         1246    i.HAL_NVIC_SetPriorityGrouping  stm32f4xx_hal_cortex.o
    0x08001020   0x08001020   0x00000134   Code   RO          493    i.HAL_RCC_ClockConfig  stm32f4xx_hal_rcc.o
    0x08001154   0x08001154   0x00000040   Code   RO          497    i.HAL_RCC_GetClockConfig  stm32f4xx_hal_rcc.o
    0x08001194   0x08001194   0x00000020   Code   RO          500    i.HAL_RCC_GetPCLK1Freq  stm32f4xx_hal_rcc.o
    0x080011b4   0x080011b4   0x00000020   Code   RO          501    i.HAL_RCC_GetPCLK2Freq  stm32f4xx_hal_rcc.o
    0x080011d4   0x080011d4   0x00000064   Code   RO          502    i.HAL_RCC_GetSysClockFreq  stm32f4xx_hal_rcc.o
    0x08001238   0x08001238   0x0000036c   Code   RO          505    i.HAL_RCC_OscConfig  stm32f4xx_hal_rcc.o
    0x080015a4   0x080015a4   0x00000002   Code   RO         2348    i.HAL_TIMEx_BreakCallback  stm32f4xx_hal_tim_ex.o
    0x080015a6   0x080015a6   0x00000002   Code   RO         2349    i.HAL_TIMEx_CommutCallback  stm32f4xx_hal_tim_ex.o
    0x080015a8   0x080015a8   0x0000005a   Code   RO         1644    i.HAL_TIM_Base_Init  stm32f4xx_hal_tim.o
    0x08001602   0x08001602   0x00000002   Code   RO         1646    i.HAL_TIM_Base_MspInit  stm32f4xx_hal_tim.o
    0x08001604   0x08001604   0x00000080   Code   RO         1649    i.HAL_TIM_Base_Start_IT  stm32f4xx_hal_tim.o
    0x08001684   0x08001684   0x00000002   Code   RO         1678    i.HAL_TIM_IC_CaptureCallback  stm32f4xx_hal_tim.o
    0x08001686   0x08001686   0x00000130   Code   RO         1692    i.HAL_TIM_IRQHandler  stm32f4xx_hal_tim.o
    0x080017b6   0x080017b6   0x00000002   Code   RO         1695    i.HAL_TIM_OC_DelayElapsedCallback  stm32f4xx_hal_tim.o
    0x080017b8   0x080017b8   0x00000002   Code   RO         1722    i.HAL_TIM_PWM_PulseFinishedCallback  stm32f4xx_hal_tim.o
    0x080017ba   0x080017ba   0x00000002   PAD
    0x080017bc   0x080017bc   0x00000014   Code   RO           14    i.HAL_TIM_PeriodElapsedCallback  main.o
    0x080017d0   0x080017d0   0x00000002   Code   RO         1735    i.HAL_TIM_TriggerCallback  stm32f4xx_hal_tim.o
    0x080017d2   0x080017d2   0x00000002   Code   RO         2627    i.HAL_UARTEx_RxEventCallback  stm32f4xx_hal_uart.o
    0x080017d4   0x080017d4   0x00000002   Code   RO         2641    i.HAL_UART_ErrorCallback  stm32f4xx_hal_uart.o
    0x080017d6   0x080017d6   0x00000002   PAD
    0x080017d8   0x080017d8   0x00000280   Code   RO         2644    i.HAL_UART_IRQHandler  stm32f4xx_hal_uart.o
    0x08001a58   0x08001a58   0x00000064   Code   RO         2645    i.HAL_UART_Init     stm32f4xx_hal_uart.o
    0x08001abc   0x08001abc   0x000000e4   Code   RO          306    i.HAL_UART_MspInit  usart.o
    0x08001ba0   0x08001ba0   0x00000002   Code   RO         2651    i.HAL_UART_RxCpltCallback  stm32f4xx_hal_uart.o
    0x08001ba2   0x08001ba2   0x000000a0   Code   RO         2653    i.HAL_UART_Transmit  stm32f4xx_hal_uart.o
    0x08001c42   0x08001c42   0x00000002   Code   RO         2656    i.HAL_UART_TxCpltCallback  stm32f4xx_hal_uart.o
    0x08001c44   0x08001c44   0x00000002   Code   RO          351    i.HardFault_Handler  stm32f4xx_it.o
    0x08001c46   0x08001c46   0x00000002   PAD
    0x08001c48   0x08001c48   0x00000178   Code   RO         4338    i.IK_2D             drive.o
    0x08001dc0   0x08001dc0   0x0000007c   Code   RO         4339    i.IK_3D             drive.o
    0x08001e3c   0x08001e3c   0x0000003c   Code   RO          281    i.MX_DMA_Init       dma.o
    0x08001e78   0x08001e78   0x00000028   Code   RO          228    i.MX_FREERTOS_Init  freertos.o
    0x08001ea0   0x08001ea0   0x0000002c   Code   RO          204    i.MX_GPIO_Init      gpio.o
    0x08001ecc   0x08001ecc   0x00000038   Code   RO          307    i.MX_USART2_UART_Init  usart.o
    0x08001f04   0x08001f04   0x00000002   Code   RO          352    i.MemManage_Handler  stm32f4xx_it.o
    0x08001f06   0x08001f06   0x00000002   Code   RO          353    i.NMI_Handler       stm32f4xx_it.o
    0x08001f08   0x08001f08   0x000000b0   Code   RO         4503    i.ServoBus_Move_Mony  commuction_1.o
    0x08001fb8   0x08001fb8   0x0000002c   Code   RO         4506    i.ServoBus_SendCmd  commuction_1.o
    0x08001fe4   0x08001fe4   0x0000000c   Code   RO          229    i.StartDefaultTask  freertos.o
    0x08001ff0   0x08001ff0   0x0000002c   Code   RO         4234    i.SysTick_Handler   port.o
    0x0800201c   0x0800201c   0x0000007c   Code   RO           15    i.SystemClock_Config  main.o
    0x08002098   0x08002098   0x00000010   Code   RO         2979    i.SystemInit        system_stm32f4xx.o
    0x080020a8   0x080020a8   0x0000000c   Code   RO          354    i.TIM1_UP_TIM10_IRQHandler  stm32f4xx_it.o
    0x080020b4   0x080020b4   0x000000d0   Code   RO         1737    i.TIM_Base_SetConfig  stm32f4xx_hal_tim.o
    0x08002184   0x08002184   0x0000000e   Code   RO         2658    i.UART_DMAAbortOnError  stm32f4xx_hal_uart.o
    0x08002192   0x08002192   0x0000004e   Code   RO         2668    i.UART_EndRxTransfer  stm32f4xx_hal_uart.o
    0x080021e0   0x080021e0   0x000000c2   Code   RO         2670    i.UART_Receive_IT   stm32f4xx_hal_uart.o
    0x080022a2   0x080022a2   0x00000002   PAD
    0x080022a4   0x080022a4   0x0000010c   Code   RO         2671    i.UART_SetConfig    stm32f4xx_hal_uart.o
    0x080023b0   0x080023b0   0x00000072   Code   RO         2674    i.UART_WaitOnFlagUntilTimeout  stm32f4xx_hal_uart.o
    0x08002422   0x08002422   0x00000002   PAD
    0x08002424   0x08002424   0x0000000c   Code   RO          355    i.USART2_IRQHandler  stm32f4xx_it.o
    0x08002430   0x08002430   0x00000002   Code   RO          356    i.UsageFault_Handler  stm32f4xx_it.o
    0x08002432   0x08002432   0x00000026   Code   RO         4745    i.__ARM_fpclassifyf  m_wm.l(fpclassifyf.o)
    0x08002458   0x08002458   0x00000020   Code   RO         1252    i.__NVIC_SetPriority  stm32f4xx_hal_cortex.o
    0x08002478   0x08002478   0x00000118   Code   RO         4660    i.__hardfp_acosf    m_wm.l(acosf.o)
    0x08002590   0x08002590   0x000002ac   Code   RO         4672    i.__hardfp_atan2f   m_wm.l(atan2f.o)
    0x0800283c   0x0800283c   0x00000150   Code   RO         4684    i.__hardfp_cosf     m_wm.l(cosf.o)
    0x0800298c   0x0800298c   0x00000190   Code   RO         4696    i.__hardfp_sinf     m_wm.l(sinf.o)
    0x08002b1c   0x08002b1c   0x0000003a   Code   RO         4708    i.__hardfp_sqrtf    m_wm.l(sqrtf.o)
    0x08002b56   0x08002b56   0x00000006   Code   RO         4748    i.__mathlib_flt_infnan  m_wm.l(funder.o)
    0x08002b5c   0x08002b5c   0x00000006   Code   RO         4749    i.__mathlib_flt_infnan2  m_wm.l(funder.o)
    0x08002b62   0x08002b62   0x00000002   PAD
    0x08002b64   0x08002b64   0x00000010   Code   RO         4750    i.__mathlib_flt_invalid  m_wm.l(funder.o)
    0x08002b74   0x08002b74   0x00000010   Code   RO         4753    i.__mathlib_flt_underflow  m_wm.l(funder.o)
    0x08002b84   0x08002b84   0x00000154   Code   RO         4761    i.__mathlib_rredf2  m_wm.l(rredf.o)
    0x08002cd8   0x08002cd8   0x0000000e   Code   RO         4610    i._is_digit         c_w.l(__printf_wp.o)
    0x08002ce6   0x08002ce6   0x00000002   PAD
    0x08002ce8   0x08002ce8   0x00000038   Code   RO         4340    i.angle_to_pwm      drive.o
    0x08002d20   0x08002d20   0x00000008   Code   RO         4430    i.arm_control_task  start_task.o
    0x08002d28   0x08002d28   0x00000020   Code   RO         4341    i.clamp             drive.o
    0x08002d48   0x08002d48   0x00000008   Code   RO         4431    i.comm_task         start_task.o
    0x08002d50   0x08002d50   0x00000080   Code   RO         4432    i.line_interp       start_task.o
    0x08002dd0   0x08002dd0   0x0000001e   Code   RO           16    i.main              main.o
    0x08002dee   0x08002dee   0x00000002   PAD
    0x08002df0   0x08002df0   0x000000d4   Code   RO         4433    i.main_task         start_task.o
    0x08002ec4   0x08002ec4   0x0000000c   Code   RO         3799    i.makeFreeRtosPriority  cmsis_os.o
    0x08002ed0   0x08002ed0   0x0000006c   Code   RO         4434    i.move_to           start_task.o
    0x08002f3c   0x08002f3c   0x0000000e   Code   RO         3801    i.osDelay           cmsis_os.o
    0x08002f4a   0x08002f4a   0x0000000a   Code   RO         3804    i.osKernelStart     cmsis_os.o
    0x08002f54   0x08002f54   0x00000054   Code   RO         3838    i.osThreadCreate    cmsis_os.o
    0x08002fa8   0x08002fa8   0x00000070   Code   RO         3481    i.prvAddCurrentTaskToDelayedList  tasks.o
    0x08003018   0x08003018   0x000000d0   Code   RO         3482    i.prvAddNewTaskToReadyList  tasks.o
    0x080030e8   0x080030e8   0x00000034   Code   RO         3483    i.prvDeleteTCB      tasks.o
    0x0800311c   0x0800311c   0x0000004c   Code   RO         4166    i.prvHeapInit       heap_4.o
    0x08003168   0x08003168   0x00000060   Code   RO         3484    i.prvIdleTask       tasks.o
    0x080031c8   0x080031c8   0x00000098   Code   RO         3485    i.prvInitialiseNewTask  tasks.o
    0x08003260   0x08003260   0x0000004c   Code   RO         4167    i.prvInsertBlockIntoFreeList  heap_4.o
    0x080032ac   0x080032ac   0x00000020   Code   RO         3486    i.prvResetNextTaskUnblockTime  tasks.o
    0x080032cc   0x080032cc   0x00000028   Code   RO         4235    i.prvTaskExitError  port.o
    0x080032f4   0x080032f4   0x000000dc   Code   RO         4168    i.pvPortMalloc      heap_4.o
    0x080033d0   0x080033d0   0x0000002c   Code   RO         4236    i.pxPortInitialiseStack  port.o
    0x080033fc   0x080033fc   0x00000008   Code   RO         4435    i.sensor_task       start_task.o
    0x08003404   0x08003404   0x00000070   Code   RO         4436    i.set_angles        start_task.o
    0x08003474   0x08003474   0x0000003e   Code   RO         4710    i.sqrtf             m_wm.l(sqrtf.o)
    0x080034b2   0x080034b2   0x00000002   PAD
    0x080034b4   0x080034b4   0x000000e4   Code   RO         4437    i.start_task        start_task.o
    0x08003598   0x08003598   0x000000bc   Code   RO         4571    i.task_init         task_init.o
    0x08003654   0x08003654   0x00000026   Code   RO         3117    i.uxListRemove      list.o
    0x0800367a   0x0800367a   0x00000002   PAD
    0x0800367c   0x0800367c   0x00000014   Code   RO          230    i.vApplicationGetIdleTaskMemory  freertos.o
    0x08003690   0x08003690   0x00000016   Code   RO         3118    i.vListInitialise   list.o
    0x080036a6   0x080036a6   0x00000006   Code   RO         3119    i.vListInitialiseItem  list.o
    0x080036ac   0x080036ac   0x00000030   Code   RO         3120    i.vListInsert       list.o
    0x080036dc   0x080036dc   0x00000018   Code   RO         3121    i.vListInsertEnd    list.o
    0x080036f4   0x080036f4   0x00000040   Code   RO         4238    i.vPortEnterCritical  port.o
    0x08003734   0x08003734   0x00000028   Code   RO         4239    i.vPortExitCritical  port.o
    0x0800375c   0x0800375c   0x00000064   Code   RO         4169    i.vPortFree         heap_4.o
    0x080037c0   0x080037c0   0x00000024   Code   RO         4240    i.vPortSetupTimerInterrupt  port.o
    0x080037e4   0x080037e4   0x0000004c   Code   RO         3495    i.vTaskDelay        tasks.o
    0x08003830   0x08003830   0x000000ac   Code   RO         3496    i.vTaskDelete       tasks.o
    0x080038dc   0x080038dc   0x0000006c   Code   RO         3508    i.vTaskStartScheduler  tasks.o
    0x08003948   0x08003948   0x00000010   Code   RO         3510    i.vTaskSuspendAll   tasks.o
    0x08003958   0x08003958   0x0000005c   Code   RO         3511    i.vTaskSwitchContext  tasks.o
    0x080039b4   0x080039b4   0x000000f4   Code   RO         4242    i.xPortStartScheduler  port.o
    0x08003aa8   0x08003aa8   0x0000005a   Code   RO         3514    i.xTaskCreate       tasks.o
    0x08003b02   0x08003b02   0x00000056   Code   RO         3515    i.xTaskCreateStatic  tasks.o
    0x08003b58   0x08003b58   0x000000cc   Code   RO         3522    i.xTaskIncrementTick  tasks.o
    0x08003c24   0x08003c24   0x000000c4   Code   RO         3528    i.xTaskResumeAll    tasks.o
    0x08003ce8   0x08003ce8   0x00000062   Code   RO         4638    x$fpl$d2f           fz_wm.l(d2f.o)
    0x08003d4a   0x08003d4a   0x00000002   PAD
    0x08003d4c   0x08003d4c   0x00000150   Code   RO         4640    x$fpl$dadd          fz_wm.l(daddsub_clz.o)
    0x08003e9c   0x08003e9c   0x0000005a   Code   RO         4646    x$fpl$dfixu         fz_wm.l(dfixu.o)
    0x08003ef6   0x08003ef6   0x00000026   Code   RO         4650    x$fpl$dfltu         fz_wm.l(dflt_clz.o)
    0x08003f1c   0x08003f1c   0x00000154   Code   RO         4656    x$fpl$dmul          fz_wm.l(dmul.o)
    0x08004070   0x08004070   0x0000009c   Code   RO         4736    x$fpl$dnaninf       fz_wm.l(dnaninf.o)
    0x0800410c   0x0800410c   0x0000000c   Code   RO         4738    x$fpl$dretinf       fz_wm.l(dretinf.o)
    0x08004118   0x08004118   0x000001d4   Code   RO         4642    x$fpl$dsub          fz_wm.l(daddsub_clz.o)
    0x080042ec   0x080042ec   0x00000056   Code   RO         4658    x$fpl$f2d           fz_wm.l(f2d.o)
    0x08004342   0x08004342   0x0000008c   Code   RO         4740    x$fpl$fnaninf       fz_wm.l(fnaninf.o)
    0x080043ce   0x080043ce   0x0000000a   Code   RO         4873    x$fpl$fpinit        fz_wm.l(fpinit.o)
    0x080043d8   0x080043d8   0x0000000a   Code   RO         4742    x$fpl$fretinf       fz_wm.l(fretinf.o)
    0x080043e2   0x080043e2   0x00000000   Code   RO         4744    x$fpl$usenofp       fz_wm.l(usenofp.o)
    0x080043e2   0x080043e2   0x00000002   PAD
    0x080043e4   0x080043e4   0x0000001c   Data   RO          232    .constdata          freertos.o
    0x08004400   0x08004400   0x00000008   Data   RO          966    .constdata          stm32f4xx_hal_dma.o
    0x08004408   0x08004408   0x00000010   Data   RO         2980    .constdata          system_stm32f4xx.o
    0x08004418   0x08004418   0x00000008   Data   RO         2981    .constdata          system_stm32f4xx.o
    0x08004420   0x08004420   0x00000080   Data   RO         4512    .constdata          commuction_1.o
    0x080044a0   0x080044a0   0x00000011   Data   RO         4613    .constdata          c_w.l(__printf_flags_wp.o)
    0x080044b1   0x080044b1   0x00000003   PAD
    0x080044b4   0x080044b4   0x00000020   Data   RO         4762    .constdata          m_wm.l(rredf.o)
    0x080044d4   0x080044d4   0x0000000c   Data   RO          233    .conststring        freertos.o
    0x080044e0   0x080044e0   0x00000020   Data   RO         4931    Region$$Table       anon$$obj.o


    Execution Region RW_IRAM1 (Exec base: 0x20000000, Load base: 0x08004500, Size: 0x00004860, Max: 0x0001c000, ABSOLUTE)

    Exec Addr    Load Addr    Size         Type   Attr      Idx    E Section Name        Object

    0x20000000   0x08004500   0x00000004   Data   RW          234    .data               freertos.o
    0x20000004   0x08004504   0x0000000c   Data   RW         1411    .data               stm32f4xx_hal.o
    0x20000010   0x08004510   0x00000004   Data   RW         2982    .data               system_stm32f4xx.o
    0x20000014   0x08004514   0x0000003c   Data   RW         3531    .data               tasks.o
    0x20000050   0x08004550   0x00000020   Data   RW         4175    .data               heap_4.o
    0x20000070   0x08004570   0x0000000c   Data   RW         4243    .data               port.o
    0x2000007c   0x0800457c   0x0000000c   Data   RW         4343    .data               drive.o
    0x20000088   0x08004588   0x00000014   Data   RW         4572    .data               task_init.o
    0x2000009c        -       0x00000254   Zero   RW          231    .bss                freertos.o
    0x200002f0        -       0x00000108   Zero   RW          308    .bss                usart.o
    0x200003f8        -       0x00000048   Zero   RW          456    .bss                stm32f4xx_hal_timebase_tim.o
    0x20000440        -       0x000000f0   Zero   RW         3530    .bss                tasks.o
    0x20000530        -       0x00003c00   Zero   RW         4174    .bss                heap_4.o
    0x20004130        -       0x0000000c   Zero   RW         4342    .bss                drive.o
    0x2000413c   0x0800459c   0x00000004   PAD
    0x20004140        -       0x000000c0   Zero   RW         4438    .bss                start_task.o
    0x20004200        -       0x00000060   Zero   RW         4789    .bss                c_w.l(libspace.o)
    0x20004260        -       0x00000200   Zero   RW            2    HEAP                startup_stm32f407xx.o
    0x20004460        -       0x00000400   Zero   RW            1    STACK               startup_stm32f407xx.o


    Execution Region RW_IRAM2 (Exec base: 0x2001c000, Load base: 0x0800459c, Size: 0x00000000, Max: 0x00004000, ABSOLUTE)

    **** No section assigned to this execution region ****


==============================================================================

Image component sizes


      Code (inc. data)   RO Data    RW Data    ZI Data      Debug   Object Name

       120          0          0          0          0      23257   cmsis_os.o
       220         30        128          0          0       1900   commuction_1.o
        60          4          0          0          0        766   dma.o
       588         88          0         12         12       4033   drive.o
         0          0          0          0          0      16912   event_groups.o
        72         14         40          4        596       2442   freertos.o
        44          6          0          0          0        783   gpio.o
       472         24          0         32      15360       7375   heap_4.o
       138          0          0          0          0       3514   list.o
       178         14          0          0          0     725480   main.o
       702         72          0         12          0      10904   port.o
       812         46          0          0        192       5834   start_task.o
        64         26        392          0       1536        836   startup_stm32f407xx.o
        80         14          0         12          0       8034   stm32f4xx_hal.o
       158         14          0          0          0      33010   stm32f4xx_hal_cortex.o
       934         16          8          0          0       5555   stm32f4xx_hal_dma.o
       496         46          0          0          0       1516   stm32f4xx_hal_gpio.o
        56          4          0          0          0        850   stm32f4xx_hal_msp.o
      1412         86          0          0          0       5861   stm32f4xx_hal_rcc.o
       740         72          0          0          0       7416   stm32f4xx_hal_tim.o
         4          0          0          0          0       1605   stm32f4xx_hal_tim_ex.o
       140         22          0          0         72       1399   stm32f4xx_hal_timebase_tim.o
      1576         14          0          0          0      10444   stm32f4xx_hal_uart.o
        60         24          0          0          0       4616   stm32f4xx_it.o
         0          0          0          0          0        424   stream_buffer.o
        16          4         24          4          0       1103   system_stm32f4xx.o
       188         68          0         20          0        965   task_init.o
      1692        126          0         60        240      20236   tasks.o
       284         28          0          0        264       1864   usart.o

    ----------------------------------------------------------------------
     11324        862        624        156      18276     908934   Object Totals
         0          0         32          0          0          0   (incl. Generated)
        18          0          0          0          4          0   (incl. Padding)

    ----------------------------------------------------------------------

      Code (inc. data)   RO Data    RW Data    ZI Data      Debug   Library Member Name

         8          0          0          0          0         68   __main.o
       312          4         17          0          0         92   __printf_flags_wp.o
        14          0          0          0          0         68   __printf_wp.o
         0          0          0          0          0          0   __rtentry.o
        12          0          0          0          0          0   __rtentry2.o
         6          0          0          0          0          0   __rtentry4.o
        52          8          0          0          0          0   __scatter.o
        26          0          0          0          0          0   __scatter_copy.o
        28          0          0          0          0          0   __scatter_zi.o
        48          6          0          0          0         96   _printf_char_common.o
       120         16          0          0          0         92   _printf_dec.o
       178          0          0          0          0         88   _printf_intcommon.o
        78          0          0          0          0        108   _printf_pad.o
         0          0          0          0          0          0   _printf_percent.o
         4          0          0          0          0          0   _printf_percent_end.o
         6          0          0          0          0          0   _printf_u.o
        22          0          0          0          0        100   _rserrno.o
        10          0          0          0          0         68   _sputc.o
        18          0          0          0          0         80   exit.o
         6          0          0          0          0        152   heapauxi.o
         0          0          0          0          0          0   indicate_semi.o
         2          0          0          0          0          0   libinit.o
         6          0          0          0          0          0   libinit2.o
         2          0          0          0          0          0   libshutdown.o
         2          0          0          0          0          0   libshutdown2.o
         8          4          0          0         96         68   libspace.o
       238          0          0          0          0        100   lludivv7m.o
        40          6          0          0          0         84   noretval__2sprintf.o
         8          4          0          0          0         68   rt_errno_addr_intlibspace.o
        78          0          0          0          0         80   rt_memclr_w.o
       100          0          0          0          0         80   rt_memcpy_w.o
         2          0          0          0          0          0   rtexit.o
        10          0          0          0          0          0   rtexit2.o
        24          0          0          0          0         68   strcat.o
        62          0          0          0          0         76   strlen.o
        12          4          0          0          0         68   sys_exit.o
        74          0          0          0          0         80   sys_stackheap_outer.o
         2          0          0          0          0         68   use_no_semi.o
        98          4          0          0          0        140   d2f.o
       804         16          0          0          0        368   daddsub_clz.o
        90          4          0          0          0        140   dfixu.o
        38          0          0          0          0        116   dflt_clz.o
       340         12          0          0          0        152   dmul.o
       156          4          0          0          0        140   dnaninf.o
        12          0          0          0          0        116   dretinf.o
        86          4          0          0          0        132   f2d.o
       140          4          0          0          0        132   fnaninf.o
        10          0          0          0          0        116   fpinit.o
        10          0          0          0          0        116   fretinf.o
         0          0          0          0          0          0   usenofp.o
       280         46          0          0          0        176   acosf.o
       684         90          0          0          0        208   atan2f.o
       336         56          0          0          0        136   cosf.o
        38          0          0          0          0        116   fpclassifyf.o
        44         12          0          0          0        464   funder.o
       340         24         32          0          0        160   rredf.o
       400         56          0          0          0        212   sinf.o
       120          0          0          0          0        272   sqrtf.o

    ----------------------------------------------------------------------
      5664        384         52          0         96       5264   Library Totals
        20          0          3          0          0          0   (incl. Padding)

    ----------------------------------------------------------------------

      Code (inc. data)   RO Data    RW Data    ZI Data      Debug   Library Name

      1618         52         17          0         96       1852   c_w.l
      1784         48          0          0          0       1668   fz_wm.l
      2242        284         32          0          0       1744   m_wm.l

    ----------------------------------------------------------------------
      5664        384         52          0         96       5264   Library Totals

    ----------------------------------------------------------------------

==============================================================================


      Code (inc. data)   RO Data    RW Data    ZI Data      Debug   

     16988       1246        676        156      18372     900062   Grand Totals
     16988       1246        676        156      18372     900062   ELF Image Totals
     16988       1246        676        156          0          0   ROM Totals

==============================================================================

    Total RO  Size (Code + RO Data)                17664 (  17.25kB)
    Total RW  Size (RW Data + ZI Data)             18528 (  18.09kB)
    Total ROM Size (Code + RO Data + RW Data)      17820 (  17.40kB)

==============================================================================

